Component: Arm Compiler for Embedded 6.19 Tool: armlink [5e73cb00]

==============================================================================

Section Cross References

    main.o(.text.main) refers to rcc_app.o(.text.RCC_InitSysClock) for RCC_InitSysClock
    main.o(.text.main) refers to rcc_app.o(.text.RCC_EnablePeripheralClock) for RCC_EnablePeripheralClock
    main.o(.text.main) refers to main.o(.data.pinb12) for pinb12
    main.o(.text.main) refers to gpio_app.o(.text.Gpio_init) for Gpio_init
    main.o(.text.main) refers to main.o(.data.pina0) for pina0
    main.o(.text.main) refers to gpio_app.o(.text.Gpio_SetAlternateFunction) for Gpio_SetAlternateFunction
    main.o(.text.main) refers to nvic_app_1.o(.text.NVIC_Init) for NVIC_Init
    main.o(.text.main) refers to syscfg_app.o(.text.SYSCFG_EXTI_SetInterruptLine) for SYSCFG_EXTI_SetInterruptLine
    main.o(.text.main) refers to main.o(.text.PB_CallBack) for PB_CallBack
    main.o(.text.main) refers to exti_app.o(.text.EXTI_SetCallBackFunction) for EXTI_SetCallBackFunction
    main.o(.text.main) refers to exti_app.o(.text.EXTI_SetSenceControl) for EXTI_SetSenceControl
    main.o(.text.main) refers to nvic_app_1.o(.text.NVIC_SetSWPriority) for NVIC_SetSWPriority
    main.o(.text.main) refers to nvic_app_1.o(.text.NVIC_EnableInterrupt) for NVIC_EnableInterrupt
    main.o(.text.main) refers to exti_app.o(.text.EXTI_EnableLine) for EXTI_EnableLine
    main.o(.text.main) refers to exti_app.o(.text.EXTI_SoftwareInterrupt) for EXTI_SoftwareInterrupt
    main.o(.ARM.exidx.text.main) refers to main.o(.text.main) for [Anonymous Symbol]
    main.o(.text.PB_CallBack) refers to main.o(.data.pinb12) for pinb12
    main.o(.text.PB_CallBack) refers to gpio_app.o(.text.Gpio_AtomicSet) for Gpio_AtomicSet
    main.o(.ARM.exidx.text.PB_CallBack) refers to main.o(.text.PB_CallBack) for [Anonymous Symbol]
    rcc_app.o(.text.RCC_InitSysClock) refers to rcc_app.o(.data.time_out) for time_out
    rcc_app.o(.ARM.exidx.text.RCC_InitSysClock) refers to rcc_app.o(.text.RCC_InitSysClock) for [Anonymous Symbol]
    rcc_app.o(.ARM.exidx.text.RCC_EnablePeripheralClock) refers to rcc_app.o(.text.RCC_EnablePeripheralClock) for [Anonymous Symbol]
    rcc_app.o(.ARM.exidx.text.RCC_DisablePeripheralClock) refers to rcc_app.o(.text.RCC_DisablePeripheralClock) for [Anonymous Symbol]
    rcc_app.o(.ARM.exidx.text.RCC_ClockOut) refers to rcc_app.o(.text.RCC_ClockOut) for [Anonymous Symbol]
    rcc_app.o(.ARM.exidx.text.RCC_CheckClock) refers to rcc_app.o(.text.RCC_CheckClock) for [Anonymous Symbol]
    helper_functions.o(.ARM.exidx.text.custom_delay) refers to helper_functions.o(.text.custom_delay) for [Anonymous Symbol]
    nvic_app_1.o(.ARM.exidx.text.NVIC_Init) refers to nvic_app_1.o(.text.NVIC_Init) for [Anonymous Symbol]
    nvic_app_1.o(.ARM.exidx.text.NVIC_EnableInterrupt) refers to nvic_app_1.o(.text.NVIC_EnableInterrupt) for [Anonymous Symbol]
    nvic_app_1.o(.ARM.exidx.text.NVIC_DisableInterrupt) refers to nvic_app_1.o(.text.NVIC_DisableInterrupt) for [Anonymous Symbol]
    nvic_app_1.o(.ARM.exidx.text.NVIC_SetPendingFlag) refers to nvic_app_1.o(.text.NVIC_SetPendingFlag) for [Anonymous Symbol]
    nvic_app_1.o(.ARM.exidx.text.NVIC_ClearPendingFlag) refers to nvic_app_1.o(.text.NVIC_ClearPendingFlag) for [Anonymous Symbol]
    nvic_app_1.o(.ARM.exidx.text.NVIC_SetSWPriority) refers to nvic_app_1.o(.text.NVIC_SetSWPriority) for [Anonymous Symbol]
    gpio_app.o(.text.Gpio_init) refers to gpio_app.o(.bss.LCKR_status) for LCKR_status
    gpio_app.o(.ARM.exidx.text.Gpio_init) refers to gpio_app.o(.text.Gpio_init) for [Anonymous Symbol]
    gpio_app.o(.ARM.exidx.text.Gpio_setPinValue) refers to gpio_app.o(.text.Gpio_setPinValue) for [Anonymous Symbol]
    gpio_app.o(.ARM.exidx.text.Gpio_readPinValue) refers to gpio_app.o(.text.Gpio_readPinValue) for [Anonymous Symbol]
    gpio_app.o(.ARM.exidx.text.Gpio_SetAlternateFunction) refers to gpio_app.o(.text.Gpio_SetAlternateFunction) for [Anonymous Symbol]
    gpio_app.o(.ARM.exidx.text.Gpio_AtomicSet) refers to gpio_app.o(.text.Gpio_AtomicSet) for [Anonymous Symbol]
    gpio_app.o(.ARM.exidx.text.Gpio_AtomicClear) refers to gpio_app.o(.text.Gpio_AtomicClear) for [Anonymous Symbol]
    gpio_app.o(.text.GPIO_LockBit) refers to gpio_app.o(.bss.LCKR_status) for LCKR_status
    gpio_app.o(.ARM.exidx.text.GPIO_LockBit) refers to gpio_app.o(.text.GPIO_LockBit) for [Anonymous Symbol]
    dma_app.o(.text.DMA1_Init) refers to rcc_app.o(.text.RCC_EnablePeripheralClock) for RCC_EnablePeripheralClock
    dma_app.o(.ARM.exidx.text.DMA1_Init) refers to dma_app.o(.text.DMA1_Init) for [Anonymous Symbol]
    dma_app.o(.text.DMA1_ConfigStream) refers to dma_app.o(.bss.DMA1_Straem0_IRQPASS) for DMA1_Straem0_IRQPASS
    dma_app.o(.ARM.exidx.text.DMA1_ConfigStream) refers to dma_app.o(.text.DMA1_ConfigStream) for [Anonymous Symbol]
    dma_app.o(.ARM.exidx.text.DMA1_EnableStream) refers to dma_app.o(.text.DMA1_EnableStream) for [Anonymous Symbol]
    dma_app.o(.ARM.exidx.text.DMA1_DisableStream) refers to dma_app.o(.text.DMA1_DisableStream) for [Anonymous Symbol]
    systick_app.o(.ARM.exidx.text.SYSTICK_Init) refers to systick_app.o(.text.SYSTICK_Init) for [Anonymous Symbol]
    systick_app.o(.ARM.exidx.text.SYSTICK_Enable) refers to systick_app.o(.text.SYSTICK_Enable) for [Anonymous Symbol]
    systick_app.o(.ARM.exidx.text.SYSTICK_Disable) refers to systick_app.o(.text.SYSTICK_Disable) for [Anonymous Symbol]
    systick_app.o(.ARM.exidx.text.SYSTICK_Delay) refers to systick_app.o(.text.SYSTICK_Delay) for [Anonymous Symbol]
    systick_app.o(.ARM.exidx.text.SYSTICK_ReadRemainingTicks) refers to systick_app.o(.text.SYSTICK_ReadRemainingTicks) for [Anonymous Symbol]
    systick_app.o(.ARM.exidx.text.SYSTICK_ReadElapsedTicks) refers to systick_app.o(.text.SYSTICK_ReadElapsedTicks) for [Anonymous Symbol]
    systick_app.o(.text.SYSTICK_SingleAsync) refers to systick_app.o(.text.SYSTICK_Disable) for SYSTICK_Disable
    systick_app.o(.text.SYSTICK_SingleAsync) refers to systick_app.o(.bss.ISR_Mode) for ISR_Mode
    systick_app.o(.text.SYSTICK_SingleAsync) refers to systick_app.o(.bss.Call_back) for Call_back
    systick_app.o(.text.SYSTICK_SingleAsync) refers to systick_app.o(.text.SYSTICK_Enable) for SYSTICK_Enable
    systick_app.o(.ARM.exidx.text.SYSTICK_SingleAsync) refers to systick_app.o(.text.SYSTICK_SingleAsync) for [Anonymous Symbol]
    systick_app.o(.text.SYSTICK_PeriodicAsync) refers to systick_app.o(.bss.ISR_Mode) for ISR_Mode
    systick_app.o(.text.SYSTICK_PeriodicAsync) refers to systick_app.o(.bss.Call_back) for Call_back
    systick_app.o(.text.SYSTICK_PeriodicAsync) refers to systick_app.o(.text.SYSTICK_Enable) for SYSTICK_Enable
    systick_app.o(.ARM.exidx.text.SYSTICK_PeriodicAsync) refers to systick_app.o(.text.SYSTICK_PeriodicAsync) for [Anonymous Symbol]
    systick_app.o(.text.SysTick_Handler) refers to systick_app.o(.bss.flag_sweep) for flag_sweep
    systick_app.o(.text.SysTick_Handler) refers to systick_app.o(.bss.Call_back) for Call_back
    systick_app.o(.text.SysTick_Handler) refers to systick_app.o(.bss.ISR_Mode) for ISR_Mode
    systick_app.o(.text.SysTick_Handler) refers to systick_app.o(.text.SYSTICK_Disable) for SYSTICK_Disable
    systick_app.o(.ARM.exidx.text.SysTick_Handler) refers to systick_app.o(.text.SysTick_Handler) for [Anonymous Symbol]
    os_app.o(.text.OS_CreateTask) refers to os_app.o(.bss.OS_Tasks) for OS_Tasks
    os_app.o(.ARM.exidx.text.OS_CreateTask) refers to os_app.o(.text.OS_CreateTask) for [Anonymous Symbol]
    os_app.o(.text.OS_Start) refers to systick_app.o(.text.SYSTICK_Init) for SYSTICK_Init
    os_app.o(.text.OS_Start) refers to os_app.o(.text.OS_Scheduler) for OS_Scheduler
    os_app.o(.text.OS_Start) refers to systick_app.o(.text.SYSTICK_PeriodicAsync) for SYSTICK_PeriodicAsync
    os_app.o(.ARM.exidx.text.OS_Start) refers to os_app.o(.text.OS_Start) for [Anonymous Symbol]
    os_app.o(.text.OS_Scheduler) refers to os_app.o(.bss.Scheduler_Ticks) for Scheduler_Ticks
    os_app.o(.text.OS_Scheduler) refers to os_app.o(.bss.OS_Tasks) for OS_Tasks
    os_app.o(.ARM.exidx.text.OS_Scheduler) refers to os_app.o(.text.OS_Scheduler) for [Anonymous Symbol]
    adc_app.o(.ARM.exidx.text.ADC_Init) refers to adc_app.o(.text.ADC_Init) for [Anonymous Symbol]
    adc_app.o(.ARM.exidx.text.ADC_SetConversionChannel) refers to adc_app.o(.text.ADC_SetConversionChannel) for [Anonymous Symbol]
    adc_app.o(.ARM.exidx.text.ADC_StopConversion) refers to adc_app.o(.text.ADC_StopConversion) for [Anonymous Symbol]
    adc_app.o(.text.ADC_StartConversion) refers to adc_app.o(.bss.ADC_InterruptHandler) for ADC_InterruptHandler
    adc_app.o(.ARM.exidx.text.ADC_StartConversion) refers to adc_app.o(.text.ADC_StartConversion) for [Anonymous Symbol]
    adc_app.o(.ARM.exidx.text.ADC_ReadConversionResult) refers to adc_app.o(.text.ADC_ReadConversionResult) for [Anonymous Symbol]
    adc_app.o(.text.ADC_IRQHandler) refers to adc_app.o(.bss.ADC_InterruptHandler) for ADC_InterruptHandler
    adc_app.o(.ARM.exidx.text.ADC_IRQHandler) refers to adc_app.o(.text.ADC_IRQHandler) for [Anonymous Symbol]
    exti_app.o(.ARM.exidx.text.EXTI_SetSenceControl) refers to exti_app.o(.text.EXTI_SetSenceControl) for [Anonymous Symbol]
    exti_app.o(.ARM.exidx.text.EXTI_EnableLine) refers to exti_app.o(.text.EXTI_EnableLine) for [Anonymous Symbol]
    exti_app.o(.ARM.exidx.text.EXTI_DisableLine) refers to exti_app.o(.text.EXTI_DisableLine) for [Anonymous Symbol]
    exti_app.o(.ARM.exidx.text.EXTI_SoftwareInterrupt) refers to exti_app.o(.text.EXTI_SoftwareInterrupt) for [Anonymous Symbol]
    exti_app.o(.text.EXTI_SetCallBackFunction) refers to exti_app.o(.bss.EXTI0_InterruptHandler) for EXTI0_InterruptHandler
    exti_app.o(.text.EXTI_SetCallBackFunction) refers to exti_app.o(.bss.EXTI1_InterruptHandler) for EXTI1_InterruptHandler
    exti_app.o(.text.EXTI_SetCallBackFunction) refers to exti_app.o(.bss.EXTI2_InterruptHandler) for EXTI2_InterruptHandler
    exti_app.o(.text.EXTI_SetCallBackFunction) refers to exti_app.o(.bss.EXTI3_InterruptHandler) for EXTI3_InterruptHandler
    exti_app.o(.text.EXTI_SetCallBackFunction) refers to exti_app.o(.bss.EXTI4_InterruptHandler) for EXTI4_InterruptHandler
    exti_app.o(.ARM.exidx.text.EXTI_SetCallBackFunction) refers to exti_app.o(.text.EXTI_SetCallBackFunction) for [Anonymous Symbol]
    exti_app.o(.text.EXTI0_IRQHandler) refers to exti_app.o(.bss.EXTI0_InterruptHandler) for EXTI0_InterruptHandler
    exti_app.o(.ARM.exidx.text.EXTI0_IRQHandler) refers to exti_app.o(.text.EXTI0_IRQHandler) for [Anonymous Symbol]
    exti_app.o(.text.EXTI1_IRQHandler) refers to exti_app.o(.bss.EXTI1_InterruptHandler) for EXTI1_InterruptHandler
    exti_app.o(.ARM.exidx.text.EXTI1_IRQHandler) refers to exti_app.o(.text.EXTI1_IRQHandler) for [Anonymous Symbol]
    exti_app.o(.text.EXTI2_IRQHandler) refers to exti_app.o(.bss.EXTI2_InterruptHandler) for EXTI2_InterruptHandler
    exti_app.o(.ARM.exidx.text.EXTI2_IRQHandler) refers to exti_app.o(.text.EXTI2_IRQHandler) for [Anonymous Symbol]
    exti_app.o(.text.EXTI3_IRQHandler) refers to exti_app.o(.bss.EXTI3_InterruptHandler) for EXTI3_InterruptHandler
    exti_app.o(.ARM.exidx.text.EXTI3_IRQHandler) refers to exti_app.o(.text.EXTI3_IRQHandler) for [Anonymous Symbol]
    exti_app.o(.text.EXTI4_IRQHandler) refers to exti_app.o(.bss.EXTI4_InterruptHandler) for EXTI4_InterruptHandler
    exti_app.o(.ARM.exidx.text.EXTI4_IRQHandler) refers to exti_app.o(.text.EXTI4_IRQHandler) for [Anonymous Symbol]
    syscfg_app.o(.ARM.exidx.text.SYSCFG_EXTI_SetInterruptLine) refers to syscfg_app.o(.text.SYSCFG_EXTI_SetInterruptLine) for [Anonymous Symbol]
    startup_stm32f401xc.o(STACK) refers (Special) to heapauxi.o(.text) for __use_two_region_memory
    startup_stm32f401xc.o(HEAP) refers (Special) to heapauxi.o(.text) for __use_two_region_memory
    startup_stm32f401xc.o(RESET) refers (Special) to heapauxi.o(.text) for __use_two_region_memory
    startup_stm32f401xc.o(RESET) refers to startup_stm32f401xc.o(STACK) for __initial_sp
    startup_stm32f401xc.o(RESET) refers to startup_stm32f401xc.o(.text) for Reset_Handler
    startup_stm32f401xc.o(RESET) refers to systick_app.o(.text.SysTick_Handler) for SysTick_Handler
    startup_stm32f401xc.o(RESET) refers to exti_app.o(.text.EXTI0_IRQHandler) for EXTI0_IRQHandler
    startup_stm32f401xc.o(RESET) refers to exti_app.o(.text.EXTI1_IRQHandler) for EXTI1_IRQHandler
    startup_stm32f401xc.o(RESET) refers to exti_app.o(.text.EXTI2_IRQHandler) for EXTI2_IRQHandler
    startup_stm32f401xc.o(RESET) refers to exti_app.o(.text.EXTI3_IRQHandler) for EXTI3_IRQHandler
    startup_stm32f401xc.o(RESET) refers to exti_app.o(.text.EXTI4_IRQHandler) for EXTI4_IRQHandler
    startup_stm32f401xc.o(RESET) refers to adc_app.o(.text.ADC_IRQHandler) for ADC_IRQHandler
    startup_stm32f401xc.o(.text) refers (Special) to heapauxi.o(.text) for __use_two_region_memory
    startup_stm32f401xc.o(.text) refers to system_stm32f4xx.o(.text.SystemInit) for SystemInit
    startup_stm32f401xc.o(.text) refers to __main.o(!!!main) for __main
    startup_stm32f401xc.o(.text) refers to startup_stm32f401xc.o(HEAP) for Heap_Mem
    startup_stm32f401xc.o(.text) refers to startup_stm32f401xc.o(STACK) for Stack_Mem
    system_stm32f4xx.o(.ARM.exidx.text.SystemInit) refers to system_stm32f4xx.o(.text.SystemInit) for [Anonymous Symbol]
    system_stm32f4xx.o(.text.SystemCoreClockUpdate) refers to system_stm32f4xx.o(.data.SystemCoreClock) for SystemCoreClock
    system_stm32f4xx.o(.text.SystemCoreClockUpdate) refers to system_stm32f4xx.o(.rodata.AHBPrescTable) for AHBPrescTable
    system_stm32f4xx.o(.ARM.exidx.text.SystemCoreClockUpdate) refers to system_stm32f4xx.o(.text.SystemCoreClockUpdate) for [Anonymous Symbol]
    __main.o(!!!main) refers to __rtentry.o(.ARM.Collect$$rtentry$$00000000) for __rt_entry
    __rtentry.o(.ARM.Collect$$rtentry$$00000000) refers (Special) to __rtentry2.o(.ARM.Collect$$rtentry$$0000000A) for __rt_entry_li
    __rtentry.o(.ARM.Collect$$rtentry$$00000000) refers (Special) to __rtentry2.o(.ARM.Collect$$rtentry$$0000000D) for __rt_entry_main
    __rtentry.o(.ARM.Collect$$rtentry$$00000000) refers (Special) to __rtentry2.o(.ARM.Collect$$rtentry$$0000000C) for __rt_entry_postli_1
    __rtentry.o(.ARM.Collect$$rtentry$$00000000) refers (Special) to __rtentry2.o(.ARM.Collect$$rtentry$$00000009) for __rt_entry_postsh_1
    __rtentry.o(.ARM.Collect$$rtentry$$00000000) refers (Special) to __rtentry2.o(.ARM.Collect$$rtentry$$00000002) for __rt_entry_presh_1
    __rtentry.o(.ARM.Collect$$rtentry$$00000000) refers (Special) to __rtentry4.o(.ARM.Collect$$rtentry$$00000004) for __rt_entry_sh
    __rtentry2.o(.ARM.Collect$$rtentry$$00000008) refers to boardinit2.o(.text) for _platform_post_stackheap_init
    __rtentry2.o(.ARM.Collect$$rtentry$$0000000A) refers to libinit.o(.ARM.Collect$$libinit$$00000000) for __rt_lib_init
    __rtentry2.o(.ARM.Collect$$rtentry$$0000000B) refers to boardinit3.o(.text) for _platform_post_lib_init
    __rtentry2.o(.ARM.Collect$$rtentry$$0000000D) refers to main.o(.text.main) for main
    __rtentry2.o(.ARM.Collect$$rtentry$$0000000D) refers to exit.o(.text) for exit
    __rtentry2.o(.ARM.exidx) refers to __rtentry2.o(.ARM.Collect$$rtentry$$00000001) for .ARM.Collect$$rtentry$$00000001
    __rtentry2.o(.ARM.exidx) refers to __rtentry2.o(.ARM.Collect$$rtentry$$00000008) for .ARM.Collect$$rtentry$$00000008
    __rtentry2.o(.ARM.exidx) refers to __rtentry2.o(.ARM.Collect$$rtentry$$0000000A) for .ARM.Collect$$rtentry$$0000000A
    __rtentry2.o(.ARM.exidx) refers to __rtentry2.o(.ARM.Collect$$rtentry$$0000000B) for .ARM.Collect$$rtentry$$0000000B
    __rtentry2.o(.ARM.exidx) refers to __rtentry2.o(.ARM.Collect$$rtentry$$0000000D) for .ARM.Collect$$rtentry$$0000000D
    __rtentry4.o(.ARM.Collect$$rtentry$$00000004) refers to sys_stackheap_outer.o(.text) for __user_setup_stackheap
    __rtentry4.o(.ARM.exidx) refers to __rtentry4.o(.ARM.Collect$$rtentry$$00000004) for .ARM.Collect$$rtentry$$00000004
    sys_stackheap_outer.o(.text) refers to libspace.o(.text) for __user_perproc_libspace
    sys_stackheap_outer.o(.text) refers to startup_stm32f401xc.o(.text) for __user_initial_stackheap
    exit.o(.text) refers to rtexit.o(.ARM.Collect$$rtexit$$00000000) for __rt_exit
    libinit.o(.ARM.Collect$$libinit$$00000000) refers (Special) to libinit2.o(.ARM.Collect$$libinit$$00000030) for __rt_lib_init_alloca_1
    libinit.o(.ARM.Collect$$libinit$$00000000) refers (Special) to libinit2.o(.ARM.Collect$$libinit$$0000002E) for __rt_lib_init_argv_1
    libinit.o(.ARM.Collect$$libinit$$00000000) refers (Special) to libinit2.o(.ARM.Collect$$libinit$$0000001D) for __rt_lib_init_atexit_1
    libinit.o(.ARM.Collect$$libinit$$00000000) refers (Special) to libinit2.o(.ARM.Collect$$libinit$$00000023) for __rt_lib_init_clock_1
    libinit.o(.ARM.Collect$$libinit$$00000000) refers (Special) to libinit2.o(.ARM.Collect$$libinit$$00000034) for __rt_lib_init_cpp_1
    libinit.o(.ARM.Collect$$libinit$$00000000) refers (Special) to libinit2.o(.ARM.Collect$$libinit$$00000032) for __rt_lib_init_exceptions_1
    libinit.o(.ARM.Collect$$libinit$$00000000) refers (Special) to libinit2.o(.ARM.Collect$$libinit$$00000001) for __rt_lib_init_fp_1
    libinit.o(.ARM.Collect$$libinit$$00000000) refers (Special) to libinit2.o(.ARM.Collect$$libinit$$00000021) for __rt_lib_init_fp_trap_1
    libinit.o(.ARM.Collect$$libinit$$00000000) refers (Special) to libinit2.o(.ARM.Collect$$libinit$$00000025) for __rt_lib_init_getenv_1
    libinit.o(.ARM.Collect$$libinit$$00000000) refers (Special) to libinit2.o(.ARM.Collect$$libinit$$0000000C) for __rt_lib_init_heap_1
    libinit.o(.ARM.Collect$$libinit$$00000000) refers (Special) to libinit2.o(.ARM.Collect$$libinit$$00000013) for __rt_lib_init_lc_collate_1
    libinit.o(.ARM.Collect$$libinit$$00000000) refers (Special) to libinit2.o(.ARM.Collect$$libinit$$00000015) for __rt_lib_init_lc_ctype_1
    libinit.o(.ARM.Collect$$libinit$$00000000) refers (Special) to libinit2.o(.ARM.Collect$$libinit$$00000017) for __rt_lib_init_lc_monetary_1
    libinit.o(.ARM.Collect$$libinit$$00000000) refers (Special) to libinit2.o(.ARM.Collect$$libinit$$00000019) for __rt_lib_init_lc_numeric_1
    libinit.o(.ARM.Collect$$libinit$$00000000) refers (Special) to libinit2.o(.ARM.Collect$$libinit$$0000001B) for __rt_lib_init_lc_time_1
    libinit.o(.ARM.Collect$$libinit$$00000000) refers (Special) to libinit2.o(.ARM.Collect$$libinit$$00000006) for __rt_lib_init_preinit_1
    libinit.o(.ARM.Collect$$libinit$$00000000) refers (Special) to libinit2.o(.ARM.Collect$$libinit$$00000010) for __rt_lib_init_rand_1
    libinit.o(.ARM.Collect$$libinit$$00000000) refers (Special) to libinit2.o(.ARM.Collect$$libinit$$00000004) for __rt_lib_init_relocate_pie_1
    libinit.o(.ARM.Collect$$libinit$$00000000) refers (Special) to libinit2.o(.ARM.Collect$$libinit$$00000035) for __rt_lib_init_return
    libinit.o(.ARM.Collect$$libinit$$00000000) refers (Special) to libinit2.o(.ARM.Collect$$libinit$$0000001F) for __rt_lib_init_signal_1
    libinit.o(.ARM.Collect$$libinit$$00000000) refers (Special) to libinit2.o(.ARM.Collect$$libinit$$00000027) for __rt_lib_init_stdio_1
    libinit.o(.ARM.Collect$$libinit$$00000000) refers (Special) to libinit2.o(.ARM.Collect$$libinit$$0000000E) for __rt_lib_init_user_alloc_1
    libspace.o(.text) refers to libspace.o(.bss) for __libspace_start
    rtexit.o(.ARM.Collect$$rtexit$$00000000) refers (Special) to rtexit2.o(.ARM.Collect$$rtexit$$00000004) for __rt_exit_exit
    rtexit.o(.ARM.Collect$$rtexit$$00000000) refers (Special) to rtexit2.o(.ARM.Collect$$rtexit$$00000003) for __rt_exit_ls
    rtexit.o(.ARM.Collect$$rtexit$$00000000) refers (Special) to rtexit2.o(.ARM.Collect$$rtexit$$00000002) for __rt_exit_prels_1
    rtexit.o(.ARM.exidx) refers (Special) to rtexit2.o(.ARM.Collect$$rtexit$$00000004) for __rt_exit_exit
    rtexit.o(.ARM.exidx) refers (Special) to rtexit2.o(.ARM.Collect$$rtexit$$00000003) for __rt_exit_ls
    rtexit.o(.ARM.exidx) refers (Special) to rtexit2.o(.ARM.Collect$$rtexit$$00000002) for __rt_exit_prels_1
    rtexit.o(.ARM.exidx) refers to rtexit.o(.ARM.Collect$$rtexit$$00000000) for .ARM.Collect$$rtexit$$00000000
    libinit2.o(.ARM.Collect$$libinit$$00000001) refers to fpinit.o(x$fpl$fpinit) for _fp_init
    libinit2.o(.ARM.Collect$$libinit$$00000012) refers to libinit2.o(.ARM.Collect$$libinit$$00000011) for .ARM.Collect$$libinit$$00000011
    libinit2.o(.ARM.Collect$$libinit$$00000014) refers to libinit2.o(.ARM.Collect$$libinit$$00000011) for .ARM.Collect$$libinit$$00000011
    libinit2.o(.ARM.Collect$$libinit$$00000016) refers to libinit2.o(.ARM.Collect$$libinit$$00000011) for .ARM.Collect$$libinit$$00000011
    libinit2.o(.ARM.Collect$$libinit$$00000018) refers to libinit2.o(.ARM.Collect$$libinit$$00000011) for .ARM.Collect$$libinit$$00000011
    libinit2.o(.ARM.Collect$$libinit$$0000001A) refers to libinit2.o(.ARM.Collect$$libinit$$00000011) for .ARM.Collect$$libinit$$00000011
    libinit2.o(.ARM.Collect$$libinit$$00000028) refers to argv_veneer.o(.emb_text) for __ARM_argv_veneer
    libinit2.o(.ARM.Collect$$libinit$$00000029) refers to argv_veneer.o(.emb_text) for __ARM_argv_veneer
    rtexit2.o(.ARM.Collect$$rtexit$$00000003) refers to libshutdown.o(.ARM.Collect$$libshutdown$$00000000) for __rt_lib_shutdown
    rtexit2.o(.ARM.Collect$$rtexit$$00000004) refers to sys_exit.o(.text) for _sys_exit
    rtexit2.o(.ARM.exidx) refers to rtexit2.o(.ARM.Collect$$rtexit$$00000001) for .ARM.Collect$$rtexit$$00000001
    rtexit2.o(.ARM.exidx) refers to rtexit2.o(.ARM.Collect$$rtexit$$00000003) for .ARM.Collect$$rtexit$$00000003
    rtexit2.o(.ARM.exidx) refers to rtexit2.o(.ARM.Collect$$rtexit$$00000004) for .ARM.Collect$$rtexit$$00000004
    argv_veneer.o(.emb_text) refers to no_argv.o(.text) for __ARM_get_argv
    sys_exit.o(.text) refers (Special) to use_no_semi.o(.text) for __I$use$semihosting
    sys_exit.o(.text) refers (Special) to indicate_semi.o(.text) for __semihosting_library_function
    sys_exit_hlt.o(.text) refers (Special) to use_no_semi.o(.text) for __I$use$semihosting
    sys_exit_hlt.o(.text) refers (Special) to indicate_semi.o(.text) for __semihosting_library_function
    _get_argv_nomalloc.o(.text) refers (Special) to hrguard.o(.text) for __heap_region$guard
    _get_argv_nomalloc.o(.text) refers to defsig_rtmem_outer.o(.text) for __rt_SIGRTMEM
    _get_argv_nomalloc.o(.text) refers to sys_command.o(.text) for _sys_command_string
    libshutdown.o(.ARM.Collect$$libshutdown$$00000000) refers (Special) to libshutdown2.o(.ARM.Collect$$libshutdown$$00000002) for __rt_lib_shutdown_cpp_1
    libshutdown.o(.ARM.Collect$$libshutdown$$00000000) refers (Special) to libshutdown2.o(.ARM.Collect$$libshutdown$$00000007) for __rt_lib_shutdown_fp_trap_1
    libshutdown.o(.ARM.Collect$$libshutdown$$00000000) refers (Special) to libshutdown2.o(.ARM.Collect$$libshutdown$$0000000F) for __rt_lib_shutdown_heap_1
    libshutdown.o(.ARM.Collect$$libshutdown$$00000000) refers (Special) to libshutdown2.o(.ARM.Collect$$libshutdown$$00000010) for __rt_lib_shutdown_return
    libshutdown.o(.ARM.Collect$$libshutdown$$00000000) refers (Special) to libshutdown2.o(.ARM.Collect$$libshutdown$$0000000A) for __rt_lib_shutdown_signal_1
    libshutdown.o(.ARM.Collect$$libshutdown$$00000000) refers (Special) to libshutdown2.o(.ARM.Collect$$libshutdown$$00000004) for __rt_lib_shutdown_stdio_1
    libshutdown.o(.ARM.Collect$$libshutdown$$00000000) refers (Special) to libshutdown2.o(.ARM.Collect$$libshutdown$$0000000C) for __rt_lib_shutdown_user_alloc_1
    sys_command.o(.text) refers (Special) to use_no_semi.o(.text) for __I$use$semihosting
    sys_command.o(.text) refers (Special) to indicate_semi.o(.text) for __semihosting_library_function
    sys_command_hlt.o(.text) refers (Special) to use_no_semi.o(.text) for __I$use$semihosting
    sys_command_hlt.o(.text) refers (Special) to indicate_semi.o(.text) for __semihosting_library_function
    defsig_rtmem_outer.o(.text) refers to defsig_rtmem_inner.o(.text) for __rt_SIGRTMEM_inner
    defsig_rtmem_outer.o(.text) refers to defsig_exit.o(.text) for __sig_exit
    defsig_rtmem_formal.o(.text) refers to rt_raise.o(.text) for __rt_raise
    rt_raise.o(.text) refers to __raise.o(.text) for __raise
    rt_raise.o(.text) refers to sys_exit.o(.text) for _sys_exit
    defsig_exit.o(.text) refers to sys_exit.o(.text) for _sys_exit
    defsig_rtmem_inner.o(.text) refers to defsig_general.o(.text) for __default_signal_display
    __raise.o(.text) refers to defsig.o(CL$$defsig) for __default_signal_handler
    defsig_general.o(.text) refers to sys_wrch.o(.text) for _ttywrch
    sys_wrch.o(.text) refers (Special) to use_no_semi.o(.text) for __I$use$semihosting
    sys_wrch.o(.text) refers (Special) to indicate_semi.o(.text) for __semihosting_library_function
    sys_wrch_hlt.o(.text) refers (Special) to use_no_semi.o(.text) for __I$use$semihosting
    sys_wrch_hlt.o(.text) refers (Special) to indicate_semi.o(.text) for __semihosting_library_function
    defsig.o(CL$$defsig) refers to defsig_rtmem_inner.o(.text) for __rt_SIGRTMEM_inner
    defsig_abrt_inner.o(.text) refers to defsig_general.o(.text) for __default_signal_display
    defsig_fpe_inner.o(.text) refers to defsig_general.o(.text) for __default_signal_display
    defsig_rtred_inner.o(.text) refers to defsig_general.o(.text) for __default_signal_display
    defsig_stak_inner.o(.text) refers to defsig_general.o(.text) for __default_signal_display
    defsig_pvfn_inner.o(.text) refers to defsig_general.o(.text) for __default_signal_display
    defsig_cppl_inner.o(.text) refers to defsig_general.o(.text) for __default_signal_display
    defsig_segv_inner.o(.text) refers to defsig_general.o(.text) for __default_signal_display
    defsig_other.o(.text) refers to defsig_general.o(.text) for __default_signal_display


==============================================================================

Removing Unused input sections from the image.

    Removing main.o(.text), (0 bytes).
    Removing main.o(.ARM.exidx.text.main), (8 bytes).
    Removing main.o(.ARM.exidx.text.PB_CallBack), (8 bytes).
    Removing main.o(.ARM.use_no_argv), (4 bytes).
    Removing rcc_app.o(.text), (0 bytes).
    Removing rcc_app.o(.ARM.exidx.text.RCC_InitSysClock), (8 bytes).
    Removing rcc_app.o(.ARM.exidx.text.RCC_EnablePeripheralClock), (8 bytes).
    Removing rcc_app.o(.text.RCC_DisablePeripheralClock), (204 bytes).
    Removing rcc_app.o(.ARM.exidx.text.RCC_DisablePeripheralClock), (8 bytes).
    Removing rcc_app.o(.text.RCC_ClockOut), (136 bytes).
    Removing rcc_app.o(.ARM.exidx.text.RCC_ClockOut), (8 bytes).
    Removing rcc_app.o(.text.RCC_CheckClock), (26 bytes).
    Removing rcc_app.o(.ARM.exidx.text.RCC_CheckClock), (8 bytes).
    Removing helper_functions.o(.text), (0 bytes).
    Removing helper_functions.o(.text.custom_delay), (46 bytes).
    Removing helper_functions.o(.ARM.exidx.text.custom_delay), (8 bytes).
    Removing nvic_app_1.o(.text), (0 bytes).
    Removing nvic_app_1.o(.ARM.exidx.text.NVIC_Init), (8 bytes).
    Removing nvic_app_1.o(.ARM.exidx.text.NVIC_EnableInterrupt), (8 bytes).
    Removing nvic_app_1.o(.text.NVIC_DisableInterrupt), (94 bytes).
    Removing nvic_app_1.o(.ARM.exidx.text.NVIC_DisableInterrupt), (8 bytes).
    Removing nvic_app_1.o(.text.NVIC_SetPendingFlag), (94 bytes).
    Removing nvic_app_1.o(.ARM.exidx.text.NVIC_SetPendingFlag), (8 bytes).
    Removing nvic_app_1.o(.text.NVIC_ClearPendingFlag), (94 bytes).
    Removing nvic_app_1.o(.ARM.exidx.text.NVIC_ClearPendingFlag), (8 bytes).
    Removing nvic_app_1.o(.ARM.exidx.text.NVIC_SetSWPriority), (8 bytes).
    Removing gpio_app.o(.text), (0 bytes).
    Removing gpio_app.o(.ARM.exidx.text.Gpio_init), (8 bytes).
    Removing gpio_app.o(.text.Gpio_setPinValue), (466 bytes).
    Removing gpio_app.o(.ARM.exidx.text.Gpio_setPinValue), (8 bytes).
    Removing gpio_app.o(.text.Gpio_readPinValue), (248 bytes).
    Removing gpio_app.o(.ARM.exidx.text.Gpio_readPinValue), (8 bytes).
    Removing gpio_app.o(.ARM.exidx.text.Gpio_SetAlternateFunction), (8 bytes).
    Removing gpio_app.o(.ARM.exidx.text.Gpio_AtomicSet), (8 bytes).
    Removing gpio_app.o(.text.Gpio_AtomicClear), (208 bytes).
    Removing gpio_app.o(.ARM.exidx.text.Gpio_AtomicClear), (8 bytes).
    Removing gpio_app.o(.text.GPIO_LockBit), (480 bytes).
    Removing gpio_app.o(.ARM.exidx.text.GPIO_LockBit), (8 bytes).
    Removing dma_app.o(.text), (0 bytes).
    Removing dma_app.o(.text.DMA1_Init), (10 bytes).
    Removing dma_app.o(.ARM.exidx.text.DMA1_Init), (8 bytes).
    Removing dma_app.o(.text.DMA1_ConfigStream), (458 bytes).
    Removing dma_app.o(.ARM.exidx.text.DMA1_ConfigStream), (8 bytes).
    Removing dma_app.o(.text.DMA1_EnableStream), (36 bytes).
    Removing dma_app.o(.ARM.exidx.text.DMA1_EnableStream), (8 bytes).
    Removing dma_app.o(.text.DMA1_DisableStream), (36 bytes).
    Removing dma_app.o(.ARM.exidx.text.DMA1_DisableStream), (8 bytes).
    Removing dma_app.o(.bss.DMA1_Straem0_IRQPASS), (4 bytes).
    Removing systick_app.o(.text), (0 bytes).
    Removing systick_app.o(.text.SYSTICK_Init), (30 bytes).
    Removing systick_app.o(.ARM.exidx.text.SYSTICK_Init), (8 bytes).
    Removing systick_app.o(.text.SYSTICK_Enable), (18 bytes).
    Removing systick_app.o(.ARM.exidx.text.SYSTICK_Enable), (8 bytes).
    Removing systick_app.o(.ARM.exidx.text.SYSTICK_Disable), (8 bytes).
    Removing systick_app.o(.text.SYSTICK_Delay), (82 bytes).
    Removing systick_app.o(.ARM.exidx.text.SYSTICK_Delay), (8 bytes).
    Removing systick_app.o(.text.SYSTICK_ReadRemainingTicks), (12 bytes).
    Removing systick_app.o(.ARM.exidx.text.SYSTICK_ReadRemainingTicks), (8 bytes).
    Removing systick_app.o(.text.SYSTICK_ReadElapsedTicks), (24 bytes).
    Removing systick_app.o(.ARM.exidx.text.SYSTICK_ReadElapsedTicks), (8 bytes).
    Removing systick_app.o(.text.SYSTICK_SingleAsync), (106 bytes).
    Removing systick_app.o(.ARM.exidx.text.SYSTICK_SingleAsync), (8 bytes).
    Removing systick_app.o(.text.SYSTICK_PeriodicAsync), (102 bytes).
    Removing systick_app.o(.ARM.exidx.text.SYSTICK_PeriodicAsync), (8 bytes).
    Removing systick_app.o(.ARM.exidx.text.SysTick_Handler), (8 bytes).
    Removing os_app.o(.text), (0 bytes).
    Removing os_app.o(.text.OS_CreateTask), (92 bytes).
    Removing os_app.o(.ARM.exidx.text.OS_CreateTask), (8 bytes).
    Removing os_app.o(.text.OS_Start), (22 bytes).
    Removing os_app.o(.ARM.exidx.text.OS_Start), (8 bytes).
    Removing os_app.o(.text.OS_Scheduler), (274 bytes).
    Removing os_app.o(.ARM.exidx.text.OS_Scheduler), (8 bytes).
    Removing os_app.o(.bss.OS_Tasks), (32 bytes).
    Removing os_app.o(.bss.Scheduler_Ticks), (4 bytes).
    Removing adc_app.o(.text), (0 bytes).
    Removing adc_app.o(.text.ADC_Init), (100 bytes).
    Removing adc_app.o(.ARM.exidx.text.ADC_Init), (8 bytes).
    Removing adc_app.o(.text.ADC_SetConversionChannel), (46 bytes).
    Removing adc_app.o(.ARM.exidx.text.ADC_SetConversionChannel), (8 bytes).
    Removing adc_app.o(.text.ADC_StopConversion), (18 bytes).
    Removing adc_app.o(.ARM.exidx.text.ADC_StopConversion), (8 bytes).
    Removing adc_app.o(.text.ADC_StartConversion), (46 bytes).
    Removing adc_app.o(.ARM.exidx.text.ADC_StartConversion), (8 bytes).
    Removing adc_app.o(.text.ADC_ReadConversionResult), (32 bytes).
    Removing adc_app.o(.ARM.exidx.text.ADC_ReadConversionResult), (8 bytes).
    Removing adc_app.o(.ARM.exidx.text.ADC_IRQHandler), (8 bytes).
    Removing exti_app.o(.text), (0 bytes).
    Removing exti_app.o(.ARM.exidx.text.EXTI_SetSenceControl), (8 bytes).
    Removing exti_app.o(.ARM.exidx.text.EXTI_EnableLine), (8 bytes).
    Removing exti_app.o(.text.EXTI_DisableLine), (34 bytes).
    Removing exti_app.o(.ARM.exidx.text.EXTI_DisableLine), (8 bytes).
    Removing exti_app.o(.ARM.exidx.text.EXTI_SoftwareInterrupt), (8 bytes).
    Removing exti_app.o(.ARM.exidx.text.EXTI_SetCallBackFunction), (8 bytes).
    Removing exti_app.o(.ARM.exidx.text.EXTI0_IRQHandler), (8 bytes).
    Removing exti_app.o(.ARM.exidx.text.EXTI1_IRQHandler), (8 bytes).
    Removing exti_app.o(.ARM.exidx.text.EXTI2_IRQHandler), (8 bytes).
    Removing exti_app.o(.ARM.exidx.text.EXTI3_IRQHandler), (8 bytes).
    Removing exti_app.o(.ARM.exidx.text.EXTI4_IRQHandler), (8 bytes).
    Removing syscfg_app.o(.text), (0 bytes).
    Removing syscfg_app.o(.ARM.exidx.text.SYSCFG_EXTI_SetInterruptLine), (8 bytes).
    Removing system_stm32f4xx.o(.text), (0 bytes).
    Removing system_stm32f4xx.o(.ARM.exidx.text.SystemInit), (8 bytes).
    Removing system_stm32f4xx.o(.text.SystemCoreClockUpdate), (302 bytes).
    Removing system_stm32f4xx.o(.ARM.exidx.text.SystemCoreClockUpdate), (8 bytes).
    Removing system_stm32f4xx.o(.data.SystemCoreClock), (4 bytes).
    Removing system_stm32f4xx.o(.rodata.AHBPrescTable), (16 bytes).
    Removing system_stm32f4xx.o(.rodata.APBPrescTable), (8 bytes).

107 unused section(s) (total 4496 bytes) removed from the image.

==============================================================================

Image Symbol Table

    Local Symbols

    Symbol Name                              Value     Ov Type        Size  Object(Section)

    ../clib/angel/boardlib.s                 0x00000000   Number         0  boardinit1.o ABSOLUTE
    ../clib/angel/boardlib.s                 0x00000000   Number         0  boardinit2.o ABSOLUTE
    ../clib/angel/boardlib.s                 0x00000000   Number         0  boardinit3.o ABSOLUTE
    ../clib/angel/boardlib.s                 0x00000000   Number         0  boardshut.o ABSOLUTE
    ../clib/angel/handlers.s                 0x00000000   Number         0  __scatter_copy.o ABSOLUTE
    ../clib/angel/handlers.s                 0x00000000   Number         0  __scatter_zi.o ABSOLUTE
    ../clib/angel/kernel.s                   0x00000000   Number         0  __rtentry.o ABSOLUTE
    ../clib/angel/kernel.s                   0x00000000   Number         0  __rtentry2.o ABSOLUTE
    ../clib/angel/kernel.s                   0x00000000   Number         0  __rtentry4.o ABSOLUTE
    ../clib/angel/kernel.s                   0x00000000   Number         0  rtexit.o ABSOLUTE
    ../clib/angel/kernel.s                   0x00000000   Number         0  rtexit2.o ABSOLUTE
    ../clib/angel/rt.s                       0x00000000   Number         0  rt_raise.o ABSOLUTE
    ../clib/angel/scatter.s                  0x00000000   Number         0  __scatter.o ABSOLUTE
    ../clib/angel/startup.s                  0x00000000   Number         0  __main.o ABSOLUTE
    ../clib/angel/sys.s                      0x00000000   Number         0  sys_stackheap_outer.o ABSOLUTE
    ../clib/angel/sys.s                      0x00000000   Number         0  libspace.o ABSOLUTE
    ../clib/angel/sys.s                      0x00000000   Number         0  use_no_semi.o ABSOLUTE
    ../clib/angel/sys.s                      0x00000000   Number         0  indicate_semi.o ABSOLUTE
    ../clib/angel/sysapp.c                   0x00000000   Number         0  sys_exit.o ABSOLUTE
    ../clib/angel/sysapp.c                   0x00000000   Number         0  sys_exit_hlt.o ABSOLUTE
    ../clib/angel/sysapp.c                   0x00000000   Number         0  sys_command.o ABSOLUTE
    ../clib/angel/sysapp.c                   0x00000000   Number         0  sys_command_hlt.o ABSOLUTE
    ../clib/angel/sysapp.c                   0x00000000   Number         0  sys_wrch.o ABSOLUTE
    ../clib/angel/sysapp.c                   0x00000000   Number         0  sys_wrch_hlt.o ABSOLUTE
    ../clib/armsys.c                         0x00000000   Number         0  argv_veneer.o ABSOLUTE
    ../clib/armsys.c                         0x00000000   Number         0  argv_veneer.o ABSOLUTE
    ../clib/armsys.c                         0x00000000   Number         0  _get_argv_nomalloc.o ABSOLUTE
    ../clib/armsys.c                         0x00000000   Number         0  no_argv.o ABSOLUTE
    ../clib/heapalloc.c                      0x00000000   Number         0  hrguard.o ABSOLUTE
    ../clib/heapaux.c                        0x00000000   Number         0  heapauxi.o ABSOLUTE
    ../clib/libinit.s                        0x00000000   Number         0  libinit.o ABSOLUTE
    ../clib/libinit.s                        0x00000000   Number         0  libinit2.o ABSOLUTE
    ../clib/libinit.s                        0x00000000   Number         0  libshutdown.o ABSOLUTE
    ../clib/libinit.s                        0x00000000   Number         0  libshutdown2.o ABSOLUTE
    ../clib/signal.c                         0x00000000   Number         0  defsig_rtmem_outer.o ABSOLUTE
    ../clib/signal.c                         0x00000000   Number         0  defsig_rtmem_formal.o ABSOLUTE
    ../clib/signal.c                         0x00000000   Number         0  defsig_exit.o ABSOLUTE
    ../clib/signal.c                         0x00000000   Number         0  defsig_rtmem_inner.o ABSOLUTE
    ../clib/signal.c                         0x00000000   Number         0  __raise.o ABSOLUTE
    ../clib/signal.c                         0x00000000   Number         0  defsig_general.o ABSOLUTE
    ../clib/signal.c                         0x00000000   Number         0  defsig_abrt_inner.o ABSOLUTE
    ../clib/signal.c                         0x00000000   Number         0  defsig_fpe_inner.o ABSOLUTE
    ../clib/signal.c                         0x00000000   Number         0  defsig_rtred_inner.o ABSOLUTE
    ../clib/signal.c                         0x00000000   Number         0  defsig_stak_inner.o ABSOLUTE
    ../clib/signal.c                         0x00000000   Number         0  defsig_pvfn_inner.o ABSOLUTE
    ../clib/signal.c                         0x00000000   Number         0  defsig_cppl_inner.o ABSOLUTE
    ../clib/signal.c                         0x00000000   Number         0  defsig_segv_inner.o ABSOLUTE
    ../clib/signal.c                         0x00000000   Number         0  defsig_other.o ABSOLUTE
    ../clib/signal.s                         0x00000000   Number         0  defsig.o ABSOLUTE
    ../clib/stdlib.c                         0x00000000   Number         0  exit.o ABSOLUTE
    ../fplib/fpinit.s                        0x00000000   Number         0  fpinit.o ABSOLUTE
    ADC_App.c                                0x00000000   Number         0  adc_app.o ABSOLUTE
    DMA_App.c                                0x00000000   Number         0  dma_app.o ABSOLUTE
    EXTI_App.c                               0x00000000   Number         0  exti_app.o ABSOLUTE
    GPIO_App.c                               0x00000000   Number         0  gpio_app.o ABSOLUTE
    Helper_Functions.c                       0x00000000   Number         0  helper_functions.o ABSOLUTE
    NVIC_App.c                               0x00000000   Number         0  nvic_app_1.o ABSOLUTE
    OS_App.c                                 0x00000000   Number         0  os_app.o ABSOLUTE
    RCC_App.c                                0x00000000   Number         0  rcc_app.o ABSOLUTE
    RTE/Device/STM32F401CCFx/startup_stm32f401xc.s 0x00000000   Number         0  startup_stm32f401xc.o ABSOLUTE
    SYSCFG_App.c                             0x00000000   Number         0  syscfg_app.o ABSOLUTE
    SYSTICK_App.c                            0x00000000   Number         0  systick_app.o ABSOLUTE
    dc.s                                     0x00000000   Number         0  dc.o ABSOLUTE
    main.c                                   0x00000000   Number         0  main.o ABSOLUTE
    system_stm32f4xx.c                       0x00000000   Number         0  system_stm32f4xx.o ABSOLUTE
    RESET                                    0x08000000   Section      404  startup_stm32f401xc.o(RESET)
    !!!main                                  0x08000194   Section        8  __main.o(!!!main)
    !!!scatter                               0x0800019c   Section       52  __scatter.o(!!!scatter)
    !!handler_copy                           0x080001d0   Section       26  __scatter_copy.o(!!handler_copy)
    !!handler_zi                             0x080001ec   Section       28  __scatter_zi.o(!!handler_zi)
    .ARM.Collect$$libinit$$00000000          0x08000208   Section        2  libinit.o(.ARM.Collect$$libinit$$00000000)
    .ARM.Collect$$libinit$$00000001          0x0800020a   Section        4  libinit2.o(.ARM.Collect$$libinit$$00000001)
    .ARM.Collect$$libinit$$00000004          0x0800020e   Section        0  libinit2.o(.ARM.Collect$$libinit$$00000004)
    .ARM.Collect$$libinit$$00000006          0x0800020e   Section        0  libinit2.o(.ARM.Collect$$libinit$$00000006)
    .ARM.Collect$$libinit$$0000000C          0x0800020e   Section        0  libinit2.o(.ARM.Collect$$libinit$$0000000C)
    .ARM.Collect$$libinit$$0000000E          0x0800020e   Section        0  libinit2.o(.ARM.Collect$$libinit$$0000000E)
    .ARM.Collect$$libinit$$00000010          0x0800020e   Section        0  libinit2.o(.ARM.Collect$$libinit$$00000010)
    .ARM.Collect$$libinit$$00000013          0x0800020e   Section        0  libinit2.o(.ARM.Collect$$libinit$$00000013)
    .ARM.Collect$$libinit$$00000015          0x0800020e   Section        0  libinit2.o(.ARM.Collect$$libinit$$00000015)
    .ARM.Collect$$libinit$$00000017          0x0800020e   Section        0  libinit2.o(.ARM.Collect$$libinit$$00000017)
    .ARM.Collect$$libinit$$00000019          0x0800020e   Section        0  libinit2.o(.ARM.Collect$$libinit$$00000019)
    .ARM.Collect$$libinit$$0000001B          0x0800020e   Section        0  libinit2.o(.ARM.Collect$$libinit$$0000001B)
    .ARM.Collect$$libinit$$0000001D          0x0800020e   Section        0  libinit2.o(.ARM.Collect$$libinit$$0000001D)
    .ARM.Collect$$libinit$$0000001F          0x0800020e   Section        0  libinit2.o(.ARM.Collect$$libinit$$0000001F)
    .ARM.Collect$$libinit$$00000021          0x0800020e   Section        0  libinit2.o(.ARM.Collect$$libinit$$00000021)
    .ARM.Collect$$libinit$$00000023          0x0800020e   Section        0  libinit2.o(.ARM.Collect$$libinit$$00000023)
    .ARM.Collect$$libinit$$00000025          0x0800020e   Section        0  libinit2.o(.ARM.Collect$$libinit$$00000025)
    .ARM.Collect$$libinit$$00000027          0x0800020e   Section        0  libinit2.o(.ARM.Collect$$libinit$$00000027)
    .ARM.Collect$$libinit$$0000002E          0x0800020e   Section        0  libinit2.o(.ARM.Collect$$libinit$$0000002E)
    .ARM.Collect$$libinit$$00000030          0x0800020e   Section        0  libinit2.o(.ARM.Collect$$libinit$$00000030)
    .ARM.Collect$$libinit$$00000032          0x0800020e   Section        0  libinit2.o(.ARM.Collect$$libinit$$00000032)
    .ARM.Collect$$libinit$$00000034          0x0800020e   Section        0  libinit2.o(.ARM.Collect$$libinit$$00000034)
    .ARM.Collect$$libinit$$00000035          0x0800020e   Section        2  libinit2.o(.ARM.Collect$$libinit$$00000035)
    .ARM.Collect$$libshutdown$$00000000      0x08000210   Section        2  libshutdown.o(.ARM.Collect$$libshutdown$$00000000)
    .ARM.Collect$$libshutdown$$00000002      0x08000212   Section        0  libshutdown2.o(.ARM.Collect$$libshutdown$$00000002)
    .ARM.Collect$$libshutdown$$00000004      0x08000212   Section        0  libshutdown2.o(.ARM.Collect$$libshutdown$$00000004)
    .ARM.Collect$$libshutdown$$00000007      0x08000212   Section        0  libshutdown2.o(.ARM.Collect$$libshutdown$$00000007)
    .ARM.Collect$$libshutdown$$0000000A      0x08000212   Section        0  libshutdown2.o(.ARM.Collect$$libshutdown$$0000000A)
    .ARM.Collect$$libshutdown$$0000000C      0x08000212   Section        0  libshutdown2.o(.ARM.Collect$$libshutdown$$0000000C)
    .ARM.Collect$$libshutdown$$0000000F      0x08000212   Section        0  libshutdown2.o(.ARM.Collect$$libshutdown$$0000000F)
    .ARM.Collect$$libshutdown$$00000010      0x08000212   Section        2  libshutdown2.o(.ARM.Collect$$libshutdown$$00000010)
    .ARM.Collect$$rtentry$$00000000          0x08000214   Section        0  __rtentry.o(.ARM.Collect$$rtentry$$00000000)
    .ARM.Collect$$rtentry$$00000002          0x08000214   Section        0  __rtentry2.o(.ARM.Collect$$rtentry$$00000002)
    .ARM.Collect$$rtentry$$00000004          0x08000214   Section        6  __rtentry4.o(.ARM.Collect$$rtentry$$00000004)
    .ARM.Collect$$rtentry$$00000009          0x0800021a   Section        0  __rtentry2.o(.ARM.Collect$$rtentry$$00000009)
    .ARM.Collect$$rtentry$$0000000A          0x0800021a   Section        4  __rtentry2.o(.ARM.Collect$$rtentry$$0000000A)
    .ARM.Collect$$rtentry$$0000000C          0x0800021e   Section        0  __rtentry2.o(.ARM.Collect$$rtentry$$0000000C)
    .ARM.Collect$$rtentry$$0000000D          0x0800021e   Section        8  __rtentry2.o(.ARM.Collect$$rtentry$$0000000D)
    .ARM.Collect$$rtexit$$00000000           0x08000226   Section        2  rtexit.o(.ARM.Collect$$rtexit$$00000000)
    .ARM.Collect$$rtexit$$00000002           0x08000228   Section        0  rtexit2.o(.ARM.Collect$$rtexit$$00000002)
    .ARM.Collect$$rtexit$$00000003           0x08000228   Section        4  rtexit2.o(.ARM.Collect$$rtexit$$00000003)
    .ARM.Collect$$rtexit$$00000004           0x0800022c   Section        6  rtexit2.o(.ARM.Collect$$rtexit$$00000004)
    $v0                                      0x08000234   Number         0  startup_stm32f401xc.o(.text)
    .text                                    0x08000234   Section       64  startup_stm32f401xc.o(.text)
    .text                                    0x08000274   Section        0  heapauxi.o(.text)
    .text                                    0x0800027a   Section       74  sys_stackheap_outer.o(.text)
    .text                                    0x080002c4   Section        0  exit.o(.text)
    .text                                    0x080002d8   Section        8  libspace.o(.text)
    .text                                    0x080002e0   Section        0  sys_exit.o(.text)
    .text                                    0x080002ec   Section        2  use_no_semi.o(.text)
    .text                                    0x080002ee   Section        0  indicate_semi.o(.text)
    [Anonymous Symbol]                       0x080002f0   Section        0  adc_app.o(.text.ADC_IRQHandler)
    [Anonymous Symbol]                       0x08000324   Section        0  exti_app.o(.text.EXTI0_IRQHandler)
    [Anonymous Symbol]                       0x08000358   Section        0  exti_app.o(.text.EXTI1_IRQHandler)
    [Anonymous Symbol]                       0x0800038c   Section        0  exti_app.o(.text.EXTI2_IRQHandler)
    [Anonymous Symbol]                       0x080003c0   Section        0  exti_app.o(.text.EXTI3_IRQHandler)
    [Anonymous Symbol]                       0x080003f4   Section        0  exti_app.o(.text.EXTI4_IRQHandler)
    [Anonymous Symbol]                       0x08000428   Section        0  exti_app.o(.text.EXTI_EnableLine)
    [Anonymous Symbol]                       0x08000460   Section        0  exti_app.o(.text.EXTI_SetCallBackFunction)
    [Anonymous Symbol]                       0x080004d8   Section        0  exti_app.o(.text.EXTI_SetSenceControl)
    [Anonymous Symbol]                       0x08000594   Section        0  exti_app.o(.text.EXTI_SoftwareInterrupt)
    [Anonymous Symbol]                       0x080005b8   Section        0  gpio_app.o(.text.Gpio_AtomicSet)
    [Anonymous Symbol]                       0x08000670   Section        0  gpio_app.o(.text.Gpio_SetAlternateFunction)
    [Anonymous Symbol]                       0x08000888   Section        0  gpio_app.o(.text.Gpio_init)
    [Anonymous Symbol]                       0x08000eac   Section        0  nvic_app_1.o(.text.NVIC_EnableInterrupt)
    [Anonymous Symbol]                       0x08000f0c   Section        0  nvic_app_1.o(.text.NVIC_Init)
    [Anonymous Symbol]                       0x08000f24   Section        0  nvic_app_1.o(.text.NVIC_SetSWPriority)
    [Anonymous Symbol]                       0x08000f5c   Section        0  main.o(.text.PB_CallBack)
    [Anonymous Symbol]                       0x08000f6c   Section        0  rcc_app.o(.text.RCC_EnablePeripheralClock)
    [Anonymous Symbol]                       0x08001038   Section        0  rcc_app.o(.text.RCC_InitSysClock)
    [Anonymous Symbol]                       0x080010dc   Section        0  syscfg_app.o(.text.SYSCFG_EXTI_SetInterruptLine)
    [Anonymous Symbol]                       0x08001210   Section        0  systick_app.o(.text.SYSTICK_Disable)
    [Anonymous Symbol]                       0x0800122c   Section        0  systick_app.o(.text.SysTick_Handler)
    [Anonymous Symbol]                       0x080012a8   Section        0  system_stm32f4xx.o(.text.SystemInit)
    [Anonymous Symbol]                       0x080012bc   Section        0  main.o(.text.main)
    $v0                                      0x08001342   Number         0  fpinit.o(x$fpl$fpinit)
    x$fpl$fpinit                             0x08001342   Section       26  fpinit.o(x$fpl$fpinit)
    time_out                                 0x2000000c   Data           1  rcc_app.o(.data.time_out)
    [Anonymous Symbol]                       0x2000000c   Section        0  rcc_app.o(.data.time_out)
    .bss                                     0x20000010   Section       96  libspace.o(.bss)
    Call_back                                0x20000074   Data           4  systick_app.o(.bss.Call_back)
    [Anonymous Symbol]                       0x20000074   Section        0  systick_app.o(.bss.Call_back)
    ISR_Mode                                 0x2000008c   Data           1  systick_app.o(.bss.ISR_Mode)
    [Anonymous Symbol]                       0x2000008c   Section        0  systick_app.o(.bss.ISR_Mode)
    LCKR_status                              0x2000008d   Data          96  gpio_app.o(.bss.LCKR_status)
    [Anonymous Symbol]                       0x2000008d   Section        0  gpio_app.o(.bss.LCKR_status)
    flag_sweep                               0x200000f0   Data           4  systick_app.o(.bss.flag_sweep)
    [Anonymous Symbol]                       0x200000f0   Section        0  systick_app.o(.bss.flag_sweep)
    Heap_Mem                                 0x200000f8   Data         512  startup_stm32f401xc.o(HEAP)
    HEAP                                     0x200000f8   Section      512  startup_stm32f401xc.o(HEAP)
    Stack_Mem                                0x200002f8   Data        1024  startup_stm32f401xc.o(STACK)
    STACK                                    0x200002f8   Section     1024  startup_stm32f401xc.o(STACK)
    __initial_sp                             0x200006f8   Data           0  startup_stm32f401xc.o(STACK)

    Global Symbols

    Symbol Name                              Value     Ov Type        Size  Object(Section)

    BuildAttributes$$THM_ISAv4$E$P$D$K$B$S$7EM$VFPi3$EXTD16$VFPS$VFMA$PE$A:L22UL41UL21$X:L11$S22US41US21$IEEE1$IW$~IW$USESV6$~STKCKD$USESV7$~SHL$OSPACE$ROPI$EBA8$UX$STANDARDLIB$REQ8$PRES8$EABIv2 0x00000000   Number         0  anon$$obj.o ABSOLUTE
    __ARM_exceptions_init                     - Undefined Weak Reference
    __alloca_initialize                       - Undefined Weak Reference
    __arm_preinit_                            - Undefined Weak Reference
    __arm_relocate_pie_                       - Undefined Weak Reference
    __cpp_initialize__aeabi_                  - Undefined Weak Reference
    __cxa_finalize                            - Undefined Weak Reference
    __rt_locale                               - Undefined Weak Reference
    __sigvec_lookup                           - Undefined Weak Reference
    _atexit_init                              - Undefined Weak Reference
    _call_atexit_fns                          - Undefined Weak Reference
    _clock_init                               - Undefined Weak Reference
    _fp_trap_init                             - Undefined Weak Reference
    _fp_trap_shutdown                         - Undefined Weak Reference
    _get_lc_collate                           - Undefined Weak Reference
    _get_lc_ctype                             - Undefined Weak Reference
    _get_lc_monetary                          - Undefined Weak Reference
    _get_lc_numeric                           - Undefined Weak Reference
    _get_lc_time                              - Undefined Weak Reference
    _getenv_init                              - Undefined Weak Reference
    _handle_redirection                       - Undefined Weak Reference
    _init_alloc                               - Undefined Weak Reference
    _init_user_alloc                          - Undefined Weak Reference
    _initio                                   - Undefined Weak Reference
    _rand_init                                - Undefined Weak Reference
    _signal_finish                            - Undefined Weak Reference
    _signal_init                              - Undefined Weak Reference
    _terminate_alloc                          - Undefined Weak Reference
    _terminate_user_alloc                     - Undefined Weak Reference
    _terminateio                              - Undefined Weak Reference
    __Vectors_Size                           0x00000194   Number         0  startup_stm32f401xc.o ABSOLUTE
    __Vectors                                0x08000000   Data           4  startup_stm32f401xc.o(RESET)
    __Vectors_End                            0x08000194   Data           0  startup_stm32f401xc.o(RESET)
    __main                                   0x08000195   Thumb Code     8  __main.o(!!!main)
    __scatterload                            0x0800019d   Thumb Code     0  __scatter.o(!!!scatter)
    __scatterload_rt2                        0x0800019d   Thumb Code    44  __scatter.o(!!!scatter)
    __scatterload_rt2_thumb_only             0x0800019d   Thumb Code     0  __scatter.o(!!!scatter)
    __scatterload_null                       0x080001ab   Thumb Code     0  __scatter.o(!!!scatter)
    __scatterload_copy                       0x080001d1   Thumb Code    26  __scatter_copy.o(!!handler_copy)
    __scatterload_zeroinit                   0x080001ed   Thumb Code    28  __scatter_zi.o(!!handler_zi)
    __rt_lib_init                            0x08000209   Thumb Code     0  libinit.o(.ARM.Collect$$libinit$$00000000)
    __rt_lib_init_fp_1                       0x0800020b   Thumb Code     0  libinit2.o(.ARM.Collect$$libinit$$00000001)
    __rt_lib_init_alloca_1                   0x0800020f   Thumb Code     0  libinit2.o(.ARM.Collect$$libinit$$00000030)
    __rt_lib_init_argv_1                     0x0800020f   Thumb Code     0  libinit2.o(.ARM.Collect$$libinit$$0000002E)
    __rt_lib_init_atexit_1                   0x0800020f   Thumb Code     0  libinit2.o(.ARM.Collect$$libinit$$0000001D)
    __rt_lib_init_clock_1                    0x0800020f   Thumb Code     0  libinit2.o(.ARM.Collect$$libinit$$00000023)
    __rt_lib_init_cpp_1                      0x0800020f   Thumb Code     0  libinit2.o(.ARM.Collect$$libinit$$00000034)
    __rt_lib_init_exceptions_1               0x0800020f   Thumb Code     0  libinit2.o(.ARM.Collect$$libinit$$00000032)
    __rt_lib_init_fp_trap_1                  0x0800020f   Thumb Code     0  libinit2.o(.ARM.Collect$$libinit$$00000021)
    __rt_lib_init_getenv_1                   0x0800020f   Thumb Code     0  libinit2.o(.ARM.Collect$$libinit$$00000025)
    __rt_lib_init_heap_1                     0x0800020f   Thumb Code     0  libinit2.o(.ARM.Collect$$libinit$$0000000C)
    __rt_lib_init_lc_collate_1               0x0800020f   Thumb Code     0  libinit2.o(.ARM.Collect$$libinit$$00000013)
    __rt_lib_init_lc_ctype_1                 0x0800020f   Thumb Code     0  libinit2.o(.ARM.Collect$$libinit$$00000015)
    __rt_lib_init_lc_monetary_1              0x0800020f   Thumb Code     0  libinit2.o(.ARM.Collect$$libinit$$00000017)
    __rt_lib_init_lc_numeric_1               0x0800020f   Thumb Code     0  libinit2.o(.ARM.Collect$$libinit$$00000019)
    __rt_lib_init_lc_time_1                  0x0800020f   Thumb Code     0  libinit2.o(.ARM.Collect$$libinit$$0000001B)
    __rt_lib_init_preinit_1                  0x0800020f   Thumb Code     0  libinit2.o(.ARM.Collect$$libinit$$00000006)
    __rt_lib_init_rand_1                     0x0800020f   Thumb Code     0  libinit2.o(.ARM.Collect$$libinit$$00000010)
    __rt_lib_init_relocate_pie_1             0x0800020f   Thumb Code     0  libinit2.o(.ARM.Collect$$libinit$$00000004)
    __rt_lib_init_return                     0x0800020f   Thumb Code     0  libinit2.o(.ARM.Collect$$libinit$$00000035)
    __rt_lib_init_signal_1                   0x0800020f   Thumb Code     0  libinit2.o(.ARM.Collect$$libinit$$0000001F)
    __rt_lib_init_stdio_1                    0x0800020f   Thumb Code     0  libinit2.o(.ARM.Collect$$libinit$$00000027)
    __rt_lib_init_user_alloc_1               0x0800020f   Thumb Code     0  libinit2.o(.ARM.Collect$$libinit$$0000000E)
    __rt_lib_shutdown                        0x08000211   Thumb Code     0  libshutdown.o(.ARM.Collect$$libshutdown$$00000000)
    __rt_lib_shutdown_cpp_1                  0x08000213   Thumb Code     0  libshutdown2.o(.ARM.Collect$$libshutdown$$00000002)
    __rt_lib_shutdown_fp_trap_1              0x08000213   Thumb Code     0  libshutdown2.o(.ARM.Collect$$libshutdown$$00000007)
    __rt_lib_shutdown_heap_1                 0x08000213   Thumb Code     0  libshutdown2.o(.ARM.Collect$$libshutdown$$0000000F)
    __rt_lib_shutdown_return                 0x08000213   Thumb Code     0  libshutdown2.o(.ARM.Collect$$libshutdown$$00000010)
    __rt_lib_shutdown_signal_1               0x08000213   Thumb Code     0  libshutdown2.o(.ARM.Collect$$libshutdown$$0000000A)
    __rt_lib_shutdown_stdio_1                0x08000213   Thumb Code     0  libshutdown2.o(.ARM.Collect$$libshutdown$$00000004)
    __rt_lib_shutdown_user_alloc_1           0x08000213   Thumb Code     0  libshutdown2.o(.ARM.Collect$$libshutdown$$0000000C)
    __rt_entry                               0x08000215   Thumb Code     0  __rtentry.o(.ARM.Collect$$rtentry$$00000000)
    __rt_entry_presh_1                       0x08000215   Thumb Code     0  __rtentry2.o(.ARM.Collect$$rtentry$$00000002)
    __rt_entry_sh                            0x08000215   Thumb Code     0  __rtentry4.o(.ARM.Collect$$rtentry$$00000004)
    __rt_entry_li                            0x0800021b   Thumb Code     0  __rtentry2.o(.ARM.Collect$$rtentry$$0000000A)
    __rt_entry_postsh_1                      0x0800021b   Thumb Code     0  __rtentry2.o(.ARM.Collect$$rtentry$$00000009)
    __rt_entry_main                          0x0800021f   Thumb Code     0  __rtentry2.o(.ARM.Collect$$rtentry$$0000000D)
    __rt_entry_postli_1                      0x0800021f   Thumb Code     0  __rtentry2.o(.ARM.Collect$$rtentry$$0000000C)
    __rt_exit                                0x08000227   Thumb Code     0  rtexit.o(.ARM.Collect$$rtexit$$00000000)
    __rt_exit_ls                             0x08000229   Thumb Code     0  rtexit2.o(.ARM.Collect$$rtexit$$00000003)
    __rt_exit_prels_1                        0x08000229   Thumb Code     0  rtexit2.o(.ARM.Collect$$rtexit$$00000002)
    __rt_exit_exit                           0x0800022d   Thumb Code     0  rtexit2.o(.ARM.Collect$$rtexit$$00000004)
    Reset_Handler                            0x08000235   Thumb Code     8  startup_stm32f401xc.o(.text)
    NMI_Handler                              0x0800023d   Thumb Code     2  startup_stm32f401xc.o(.text)
    HardFault_Handler                        0x0800023f   Thumb Code     2  startup_stm32f401xc.o(.text)
    MemManage_Handler                        0x08000241   Thumb Code     2  startup_stm32f401xc.o(.text)
    BusFault_Handler                         0x08000243   Thumb Code     2  startup_stm32f401xc.o(.text)
    UsageFault_Handler                       0x08000245   Thumb Code     2  startup_stm32f401xc.o(.text)
    SVC_Handler                              0x08000247   Thumb Code     2  startup_stm32f401xc.o(.text)
    DebugMon_Handler                         0x08000249   Thumb Code     2  startup_stm32f401xc.o(.text)
    PendSV_Handler                           0x0800024b   Thumb Code     2  startup_stm32f401xc.o(.text)
    DMA1_Stream0_IRQHandler                  0x0800024f   Thumb Code     0  startup_stm32f401xc.o(.text)
    DMA1_Stream1_IRQHandler                  0x0800024f   Thumb Code     0  startup_stm32f401xc.o(.text)
    DMA1_Stream2_IRQHandler                  0x0800024f   Thumb Code     0  startup_stm32f401xc.o(.text)
    DMA1_Stream3_IRQHandler                  0x0800024f   Thumb Code     0  startup_stm32f401xc.o(.text)
    DMA1_Stream4_IRQHandler                  0x0800024f   Thumb Code     0  startup_stm32f401xc.o(.text)
    DMA1_Stream5_IRQHandler                  0x0800024f   Thumb Code     0  startup_stm32f401xc.o(.text)
    DMA1_Stream6_IRQHandler                  0x0800024f   Thumb Code     0  startup_stm32f401xc.o(.text)
    DMA1_Stream7_IRQHandler                  0x0800024f   Thumb Code     0  startup_stm32f401xc.o(.text)
    DMA2_Stream0_IRQHandler                  0x0800024f   Thumb Code     0  startup_stm32f401xc.o(.text)
    DMA2_Stream1_IRQHandler                  0x0800024f   Thumb Code     0  startup_stm32f401xc.o(.text)
    DMA2_Stream2_IRQHandler                  0x0800024f   Thumb Code     0  startup_stm32f401xc.o(.text)
    DMA2_Stream3_IRQHandler                  0x0800024f   Thumb Code     0  startup_stm32f401xc.o(.text)
    DMA2_Stream4_IRQHandler                  0x0800024f   Thumb Code     0  startup_stm32f401xc.o(.text)
    DMA2_Stream5_IRQHandler                  0x0800024f   Thumb Code     0  startup_stm32f401xc.o(.text)
    DMA2_Stream6_IRQHandler                  0x0800024f   Thumb Code     0  startup_stm32f401xc.o(.text)
    DMA2_Stream7_IRQHandler                  0x0800024f   Thumb Code     0  startup_stm32f401xc.o(.text)
    EXTI15_10_IRQHandler                     0x0800024f   Thumb Code     0  startup_stm32f401xc.o(.text)
    EXTI9_5_IRQHandler                       0x0800024f   Thumb Code     0  startup_stm32f401xc.o(.text)
    FLASH_IRQHandler                         0x0800024f   Thumb Code     0  startup_stm32f401xc.o(.text)
    FPU_IRQHandler                           0x0800024f   Thumb Code     0  startup_stm32f401xc.o(.text)
    I2C1_ER_IRQHandler                       0x0800024f   Thumb Code     0  startup_stm32f401xc.o(.text)
    I2C1_EV_IRQHandler                       0x0800024f   Thumb Code     0  startup_stm32f401xc.o(.text)
    I2C2_ER_IRQHandler                       0x0800024f   Thumb Code     0  startup_stm32f401xc.o(.text)
    I2C2_EV_IRQHandler                       0x0800024f   Thumb Code     0  startup_stm32f401xc.o(.text)
    I2C3_ER_IRQHandler                       0x0800024f   Thumb Code     0  startup_stm32f401xc.o(.text)
    I2C3_EV_IRQHandler                       0x0800024f   Thumb Code     0  startup_stm32f401xc.o(.text)
    OTG_FS_IRQHandler                        0x0800024f   Thumb Code     0  startup_stm32f401xc.o(.text)
    OTG_FS_WKUP_IRQHandler                   0x0800024f   Thumb Code     0  startup_stm32f401xc.o(.text)
    PVD_IRQHandler                           0x0800024f   Thumb Code     0  startup_stm32f401xc.o(.text)
    RCC_IRQHandler                           0x0800024f   Thumb Code     0  startup_stm32f401xc.o(.text)
    RTC_Alarm_IRQHandler                     0x0800024f   Thumb Code     0  startup_stm32f401xc.o(.text)
    RTC_WKUP_IRQHandler                      0x0800024f   Thumb Code     0  startup_stm32f401xc.o(.text)
    SDIO_IRQHandler                          0x0800024f   Thumb Code     0  startup_stm32f401xc.o(.text)
    SPI1_IRQHandler                          0x0800024f   Thumb Code     0  startup_stm32f401xc.o(.text)
    SPI2_IRQHandler                          0x0800024f   Thumb Code     0  startup_stm32f401xc.o(.text)
    SPI3_IRQHandler                          0x0800024f   Thumb Code     0  startup_stm32f401xc.o(.text)
    SPI4_IRQHandler                          0x0800024f   Thumb Code     0  startup_stm32f401xc.o(.text)
    TAMP_STAMP_IRQHandler                    0x0800024f   Thumb Code     0  startup_stm32f401xc.o(.text)
    TIM1_BRK_TIM9_IRQHandler                 0x0800024f   Thumb Code     0  startup_stm32f401xc.o(.text)
    TIM1_CC_IRQHandler                       0x0800024f   Thumb Code     0  startup_stm32f401xc.o(.text)
    TIM1_TRG_COM_TIM11_IRQHandler            0x0800024f   Thumb Code     0  startup_stm32f401xc.o(.text)
    TIM1_UP_TIM10_IRQHandler                 0x0800024f   Thumb Code     0  startup_stm32f401xc.o(.text)
    TIM2_IRQHandler                          0x0800024f   Thumb Code     0  startup_stm32f401xc.o(.text)
    TIM3_IRQHandler                          0x0800024f   Thumb Code     0  startup_stm32f401xc.o(.text)
    TIM4_IRQHandler                          0x0800024f   Thumb Code     0  startup_stm32f401xc.o(.text)
    TIM5_IRQHandler                          0x0800024f   Thumb Code     0  startup_stm32f401xc.o(.text)
    USART1_IRQHandler                        0x0800024f   Thumb Code     0  startup_stm32f401xc.o(.text)
    USART2_IRQHandler                        0x0800024f   Thumb Code     0  startup_stm32f401xc.o(.text)
    USART6_IRQHandler                        0x0800024f   Thumb Code     0  startup_stm32f401xc.o(.text)
    WWDG_IRQHandler                          0x0800024f   Thumb Code     0  startup_stm32f401xc.o(.text)
    __user_initial_stackheap                 0x08000251   Thumb Code     0  startup_stm32f401xc.o(.text)
    __use_two_region_memory                  0x08000275   Thumb Code     2  heapauxi.o(.text)
    __rt_heap_escrow$2region                 0x08000277   Thumb Code     2  heapauxi.o(.text)
    __rt_heap_expand$2region                 0x08000279   Thumb Code     2  heapauxi.o(.text)
    __user_setup_stackheap                   0x0800027b   Thumb Code    74  sys_stackheap_outer.o(.text)
    exit                                     0x080002c5   Thumb Code    18  exit.o(.text)
    __user_libspace                          0x080002d9   Thumb Code     8  libspace.o(.text)
    __user_perproc_libspace                  0x080002d9   Thumb Code     0  libspace.o(.text)
    __user_perthread_libspace                0x080002d9   Thumb Code     0  libspace.o(.text)
    _sys_exit                                0x080002e1   Thumb Code     8  sys_exit.o(.text)
    __I$use$semihosting                      0x080002ed   Thumb Code     0  use_no_semi.o(.text)
    __use_no_semihosting_swi                 0x080002ed   Thumb Code     2  use_no_semi.o(.text)
    __semihosting_library_function           0x080002ef   Thumb Code     0  indicate_semi.o(.text)
    ADC_IRQHandler                           0x080002f1   Thumb Code    50  adc_app.o(.text.ADC_IRQHandler)
    EXTI0_IRQHandler                         0x08000325   Thumb Code    50  exti_app.o(.text.EXTI0_IRQHandler)
    EXTI1_IRQHandler                         0x08000359   Thumb Code    50  exti_app.o(.text.EXTI1_IRQHandler)
    EXTI2_IRQHandler                         0x0800038d   Thumb Code    50  exti_app.o(.text.EXTI2_IRQHandler)
    EXTI3_IRQHandler                         0x080003c1   Thumb Code    50  exti_app.o(.text.EXTI3_IRQHandler)
    EXTI4_IRQHandler                         0x080003f5   Thumb Code    50  exti_app.o(.text.EXTI4_IRQHandler)
    EXTI_EnableLine                          0x08000429   Thumb Code    56  exti_app.o(.text.EXTI_EnableLine)
    EXTI_SetCallBackFunction                 0x08000461   Thumb Code   118  exti_app.o(.text.EXTI_SetCallBackFunction)
    EXTI_SetSenceControl                     0x080004d9   Thumb Code   188  exti_app.o(.text.EXTI_SetSenceControl)
    EXTI_SoftwareInterrupt                   0x08000595   Thumb Code    34  exti_app.o(.text.EXTI_SoftwareInterrupt)
    Gpio_AtomicSet                           0x080005b9   Thumb Code   184  gpio_app.o(.text.Gpio_AtomicSet)
    Gpio_SetAlternateFunction                0x08000671   Thumb Code   534  gpio_app.o(.text.Gpio_SetAlternateFunction)
    Gpio_init                                0x08000889   Thumb Code  1572  gpio_app.o(.text.Gpio_init)
    NVIC_EnableInterrupt                     0x08000ead   Thumb Code    94  nvic_app_1.o(.text.NVIC_EnableInterrupt)
    NVIC_Init                                0x08000f0d   Thumb Code    22  nvic_app_1.o(.text.NVIC_Init)
    NVIC_SetSWPriority                       0x08000f25   Thumb Code    56  nvic_app_1.o(.text.NVIC_SetSWPriority)
    PB_CallBack                              0x08000f5d   Thumb Code    16  main.o(.text.PB_CallBack)
    RCC_EnablePeripheralClock                0x08000f6d   Thumb Code   204  rcc_app.o(.text.RCC_EnablePeripheralClock)
    RCC_InitSysClock                         0x08001039   Thumb Code   164  rcc_app.o(.text.RCC_InitSysClock)
    SYSCFG_EXTI_SetInterruptLine             0x080010dd   Thumb Code   308  syscfg_app.o(.text.SYSCFG_EXTI_SetInterruptLine)
    SYSTICK_Disable                          0x08001211   Thumb Code    26  systick_app.o(.text.SYSTICK_Disable)
    SysTick_Handler                          0x0800122d   Thumb Code   122  systick_app.o(.text.SysTick_Handler)
    SystemInit                               0x080012a9   Thumb Code    18  system_stm32f4xx.o(.text.SystemInit)
    main                                     0x080012bd   Thumb Code   134  main.o(.text.main)
    _fp_init                                 0x08001343   Thumb Code    26  fpinit.o(x$fpl$fpinit)
    __fplib_config_fpu_vfp                   0x0800135b   Thumb Code     0  fpinit.o(x$fpl$fpinit)
    __fplib_config_pureend_doubles           0x0800135b   Thumb Code     0  fpinit.o(x$fpl$fpinit)
    Region$$Table$$Base                      0x0800135c   Number         0  anon$$obj.o(Region$$Table)
    Region$$Table$$Limit                     0x0800137c   Number         0  anon$$obj.o(Region$$Table)
    pina0                                    0x20000000   Data           6  main.o(.data.pina0)
    pinb12                                   0x20000006   Data           6  main.o(.data.pinb12)
    __libspace_start                         0x20000010   Data          96  libspace.o(.bss)
    ADC_InterruptHandler                     0x20000070   Data           4  adc_app.o(.bss.ADC_InterruptHandler)
    __temporary_stack_top$libspace           0x20000070   Data           0  libspace.o(.bss)
    EXTI0_InterruptHandler                   0x20000078   Data           4  exti_app.o(.bss.EXTI0_InterruptHandler)
    EXTI1_InterruptHandler                   0x2000007c   Data           4  exti_app.o(.bss.EXTI1_InterruptHandler)
    EXTI2_InterruptHandler                   0x20000080   Data           4  exti_app.o(.bss.EXTI2_InterruptHandler)
    EXTI3_InterruptHandler                   0x20000084   Data           4  exti_app.o(.bss.EXTI3_InterruptHandler)
    EXTI4_InterruptHandler                   0x20000088   Data           4  exti_app.o(.bss.EXTI4_InterruptHandler)



==============================================================================

Memory Map of the image

  Image Entry point : 0x08000235

  Load Region LR_1 (Base: 0x08000000, Size: 0x0000138c, Max: 0xffffffff, ABSOLUTE)

    Execution Region ER_RO (Exec base: 0x08000000, Load base: 0x08000000, Size: 0x0000137c, Max: 0xffffffff, ABSOLUTE)

    Exec Addr    Load Addr    Size         Type   Attr      Idx    E Section Name        Object

    0x08000000   0x08000000   0x00000194   Data   RO          203    RESET               startup_stm32f401xc.o
    0x08000194   0x08000194   0x00000008   Code   RO          228  * !!!main             c_w.l(__main.o)
    0x0800019c   0x0800019c   0x00000034   Code   RO          393    !!!scatter          c_w.l(__scatter.o)
    0x080001d0   0x080001d0   0x0000001a   Code   RO          395    !!handler_copy      c_w.l(__scatter_copy.o)
    0x080001ea   0x080001ea   0x00000002   PAD
    0x080001ec   0x080001ec   0x0000001c   Code   RO          397    !!handler_zi        c_w.l(__scatter_zi.o)
    0x08000208   0x08000208   0x00000002   Code   RO          255    .ARM.Collect$$libinit$$00000000  c_w.l(libinit.o)
    0x0800020a   0x0800020a   0x00000004   Code   RO          261    .ARM.Collect$$libinit$$00000001  c_w.l(libinit2.o)
    0x0800020e   0x0800020e   0x00000000   Code   RO          264    .ARM.Collect$$libinit$$00000004  c_w.l(libinit2.o)
    0x0800020e   0x0800020e   0x00000000   Code   RO          266    .ARM.Collect$$libinit$$00000006  c_w.l(libinit2.o)
    0x0800020e   0x0800020e   0x00000000   Code   RO          269    .ARM.Collect$$libinit$$0000000C  c_w.l(libinit2.o)
    0x0800020e   0x0800020e   0x00000000   Code   RO          271    .ARM.Collect$$libinit$$0000000E  c_w.l(libinit2.o)
    0x0800020e   0x0800020e   0x00000000   Code   RO          273    .ARM.Collect$$libinit$$00000010  c_w.l(libinit2.o)
    0x0800020e   0x0800020e   0x00000000   Code   RO          276    .ARM.Collect$$libinit$$00000013  c_w.l(libinit2.o)
    0x0800020e   0x0800020e   0x00000000   Code   RO          278    .ARM.Collect$$libinit$$00000015  c_w.l(libinit2.o)
    0x0800020e   0x0800020e   0x00000000   Code   RO          280    .ARM.Collect$$libinit$$00000017  c_w.l(libinit2.o)
    0x0800020e   0x0800020e   0x00000000   Code   RO          282    .ARM.Collect$$libinit$$00000019  c_w.l(libinit2.o)
    0x0800020e   0x0800020e   0x00000000   Code   RO          284    .ARM.Collect$$libinit$$0000001B  c_w.l(libinit2.o)
    0x0800020e   0x0800020e   0x00000000   Code   RO          286    .ARM.Collect$$libinit$$0000001D  c_w.l(libinit2.o)
    0x0800020e   0x0800020e   0x00000000   Code   RO          288    .ARM.Collect$$libinit$$0000001F  c_w.l(libinit2.o)
    0x0800020e   0x0800020e   0x00000000   Code   RO          290    .ARM.Collect$$libinit$$00000021  c_w.l(libinit2.o)
    0x0800020e   0x0800020e   0x00000000   Code   RO          292    .ARM.Collect$$libinit$$00000023  c_w.l(libinit2.o)
    0x0800020e   0x0800020e   0x00000000   Code   RO          294    .ARM.Collect$$libinit$$00000025  c_w.l(libinit2.o)
    0x0800020e   0x0800020e   0x00000000   Code   RO          296    .ARM.Collect$$libinit$$00000027  c_w.l(libinit2.o)
    0x0800020e   0x0800020e   0x00000000   Code   RO          300    .ARM.Collect$$libinit$$0000002E  c_w.l(libinit2.o)
    0x0800020e   0x0800020e   0x00000000   Code   RO          302    .ARM.Collect$$libinit$$00000030  c_w.l(libinit2.o)
    0x0800020e   0x0800020e   0x00000000   Code   RO          304    .ARM.Collect$$libinit$$00000032  c_w.l(libinit2.o)
    0x0800020e   0x0800020e   0x00000000   Code   RO          306    .ARM.Collect$$libinit$$00000034  c_w.l(libinit2.o)
    0x0800020e   0x0800020e   0x00000002   Code   RO          307    .ARM.Collect$$libinit$$00000035  c_w.l(libinit2.o)
    0x08000210   0x08000210   0x00000002   Code   RO          329    .ARM.Collect$$libshutdown$$00000000  c_w.l(libshutdown.o)
    0x08000212   0x08000212   0x00000000   Code   RO          344    .ARM.Collect$$libshutdown$$00000002  c_w.l(libshutdown2.o)
    0x08000212   0x08000212   0x00000000   Code   RO          346    .ARM.Collect$$libshutdown$$00000004  c_w.l(libshutdown2.o)
    0x08000212   0x08000212   0x00000000   Code   RO          349    .ARM.Collect$$libshutdown$$00000007  c_w.l(libshutdown2.o)
    0x08000212   0x08000212   0x00000000   Code   RO          352    .ARM.Collect$$libshutdown$$0000000A  c_w.l(libshutdown2.o)
    0x08000212   0x08000212   0x00000000   Code   RO          354    .ARM.Collect$$libshutdown$$0000000C  c_w.l(libshutdown2.o)
    0x08000212   0x08000212   0x00000000   Code   RO          357    .ARM.Collect$$libshutdown$$0000000F  c_w.l(libshutdown2.o)
    0x08000212   0x08000212   0x00000002   Code   RO          358    .ARM.Collect$$libshutdown$$00000010  c_w.l(libshutdown2.o)
    0x08000214   0x08000214   0x00000000   Code   RO          230    .ARM.Collect$$rtentry$$00000000  c_w.l(__rtentry.o)
    0x08000214   0x08000214   0x00000000   Code   RO          232    .ARM.Collect$$rtentry$$00000002  c_w.l(__rtentry2.o)
    0x08000214   0x08000214   0x00000006   Code   RO          244    .ARM.Collect$$rtentry$$00000004  c_w.l(__rtentry4.o)
    0x0800021a   0x0800021a   0x00000000   Code   RO          234    .ARM.Collect$$rtentry$$00000009  c_w.l(__rtentry2.o)
    0x0800021a   0x0800021a   0x00000004   Code   RO          235    .ARM.Collect$$rtentry$$0000000A  c_w.l(__rtentry2.o)
    0x0800021e   0x0800021e   0x00000000   Code   RO          237    .ARM.Collect$$rtentry$$0000000C  c_w.l(__rtentry2.o)
    0x0800021e   0x0800021e   0x00000008   Code   RO          238    .ARM.Collect$$rtentry$$0000000D  c_w.l(__rtentry2.o)
    0x08000226   0x08000226   0x00000002   Code   RO          259    .ARM.Collect$$rtexit$$00000000  c_w.l(rtexit.o)
    0x08000228   0x08000228   0x00000000   Code   RO          309    .ARM.Collect$$rtexit$$00000002  c_w.l(rtexit2.o)
    0x08000228   0x08000228   0x00000004   Code   RO          310    .ARM.Collect$$rtexit$$00000003  c_w.l(rtexit2.o)
    0x0800022c   0x0800022c   0x00000006   Code   RO          311    .ARM.Collect$$rtexit$$00000004  c_w.l(rtexit2.o)
    0x08000232   0x08000232   0x00000002   PAD
    0x08000234   0x08000234   0x00000040   Code   RO          204  * .text               startup_stm32f401xc.o
    0x08000274   0x08000274   0x00000006   Code   RO          226    .text               c_w.l(heapauxi.o)
    0x0800027a   0x0800027a   0x0000004a   Code   RO          246    .text               c_w.l(sys_stackheap_outer.o)
    0x080002c4   0x080002c4   0x00000012   Code   RO          248    .text               c_w.l(exit.o)
    0x080002d6   0x080002d6   0x00000002   PAD
    0x080002d8   0x080002d8   0x00000008   Code   RO          256    .text               c_w.l(libspace.o)
    0x080002e0   0x080002e0   0x0000000c   Code   RO          319    .text               c_w.l(sys_exit.o)
    0x080002ec   0x080002ec   0x00000002   Code   RO          334    .text               c_w.l(use_no_semi.o)
    0x080002ee   0x080002ee   0x00000000   Code   RO          336    .text               c_w.l(indicate_semi.o)
    0x080002ee   0x080002ee   0x00000002   PAD
    0x080002f0   0x080002f0   0x00000032   Code   RO          152    .text.ADC_IRQHandler  adc_app.o
    0x08000322   0x08000322   0x00000002   PAD
    0x08000324   0x08000324   0x00000032   Code   RO          172    .text.EXTI0_IRQHandler  exti_app.o
    0x08000356   0x08000356   0x00000002   PAD
    0x08000358   0x08000358   0x00000032   Code   RO          174    .text.EXTI1_IRQHandler  exti_app.o
    0x0800038a   0x0800038a   0x00000002   PAD
    0x0800038c   0x0800038c   0x00000032   Code   RO          176    .text.EXTI2_IRQHandler  exti_app.o
    0x080003be   0x080003be   0x00000002   PAD
    0x080003c0   0x080003c0   0x00000032   Code   RO          178    .text.EXTI3_IRQHandler  exti_app.o
    0x080003f2   0x080003f2   0x00000002   PAD
    0x080003f4   0x080003f4   0x00000032   Code   RO          180    .text.EXTI4_IRQHandler  exti_app.o
    0x08000426   0x08000426   0x00000002   PAD
    0x08000428   0x08000428   0x00000038   Code   RO          164    .text.EXTI_EnableLine  exti_app.o
    0x08000460   0x08000460   0x00000076   Code   RO          170    .text.EXTI_SetCallBackFunction  exti_app.o
    0x080004d6   0x080004d6   0x00000002   PAD
    0x080004d8   0x080004d8   0x000000bc   Code   RO          162    .text.EXTI_SetSenceControl  exti_app.o
    0x08000594   0x08000594   0x00000022   Code   RO          168    .text.EXTI_SoftwareInterrupt  exti_app.o
    0x080005b6   0x080005b6   0x00000002   PAD
    0x080005b8   0x080005b8   0x000000b8   Code   RO           69    .text.Gpio_AtomicSet  gpio_app.o
    0x08000670   0x08000670   0x00000216   Code   RO           67    .text.Gpio_SetAlternateFunction  gpio_app.o
    0x08000886   0x08000886   0x00000002   PAD
    0x08000888   0x08000888   0x00000624   Code   RO           61    .text.Gpio_init     gpio_app.o
    0x08000eac   0x08000eac   0x0000005e   Code   RO           44    .text.NVIC_EnableInterrupt  nvic_app_1.o
    0x08000f0a   0x08000f0a   0x00000002   PAD
    0x08000f0c   0x08000f0c   0x00000016   Code   RO           42    .text.NVIC_Init     nvic_app_1.o
    0x08000f22   0x08000f22   0x00000002   PAD
    0x08000f24   0x08000f24   0x00000038   Code   RO           52    .text.NVIC_SetSWPriority  nvic_app_1.o
    0x08000f5c   0x08000f5c   0x00000010   Code   RO            4    .text.PB_CallBack   main.o
    0x08000f6c   0x08000f6c   0x000000cc   Code   RO           18    .text.RCC_EnablePeripheralClock  rcc_app.o
    0x08001038   0x08001038   0x000000a4   Code   RO           16    .text.RCC_InitSysClock  rcc_app.o
    0x080010dc   0x080010dc   0x00000134   Code   RO          194    .text.SYSCFG_EXTI_SetInterruptLine  syscfg_app.o
    0x08001210   0x08001210   0x0000001a   Code   RO          103    .text.SYSTICK_Disable  systick_app.o
    0x0800122a   0x0800122a   0x00000002   PAD
    0x0800122c   0x0800122c   0x0000007a   Code   RO          115    .text.SysTick_Handler  systick_app.o
    0x080012a6   0x080012a6   0x00000002   PAD
    0x080012a8   0x080012a8   0x00000012   Code   RO          211    .text.SystemInit    system_stm32f4xx.o
    0x080012ba   0x080012ba   0x00000002   PAD
    0x080012bc   0x080012bc   0x00000086   Code   RO            2    .text.main          main.o
    0x08001342   0x08001342   0x0000001a   Code   RO          317    x$fpl$fpinit        fz_wm.l(fpinit.o)
    0x0800135c   0x0800135c   0x00000020   Data   RO          392    Region$$Table       anon$$obj.o


    Execution Region ER_RW (Exec base: 0x20000000, Load base: 0x0800137c, Size: 0x00000010, Max: 0xffffffff, ABSOLUTE)

    Exec Addr    Load Addr    Size         Type   Attr      Idx    E Section Name        Object

    0x20000000   0x0800137c   0x00000006   Data   RW            7    .data.pina0         main.o
    0x20000006   0x08001382   0x00000006   Data   RW            6    .data.pinb12        main.o
    0x2000000c   0x08001388   0x00000001   Data   RW           26    .data.time_out      rcc_app.o


    Execution Region ER_ZI (Exec base: 0x20000010, Load base: 0x0800138c, Size: 0x000006e8, Max: 0xffffffff, ABSOLUTE)

    Exec Addr    Load Addr    Size         Type   Attr      Idx    E Section Name        Object

    0x20000010        -       0x00000060   Zero   RW          257    .bss                c_w.l(libspace.o)
    0x20000070        -       0x00000004   Zero   RW          154    .bss.ADC_InterruptHandler  adc_app.o
    0x20000074        -       0x00000004   Zero   RW          118    .bss.Call_back      systick_app.o
    0x20000078        -       0x00000004   Zero   RW          182    .bss.EXTI0_InterruptHandler  exti_app.o
    0x2000007c        -       0x00000004   Zero   RW          183    .bss.EXTI1_InterruptHandler  exti_app.o
    0x20000080        -       0x00000004   Zero   RW          184    .bss.EXTI2_InterruptHandler  exti_app.o
    0x20000084        -       0x00000004   Zero   RW          185    .bss.EXTI3_InterruptHandler  exti_app.o
    0x20000088        -       0x00000004   Zero   RW          186    .bss.EXTI4_InterruptHandler  exti_app.o
    0x2000008c        -       0x00000001   Zero   RW          117    .bss.ISR_Mode       systick_app.o
    0x2000008d        -       0x00000060   Zero   RW           75    .bss.LCKR_status    gpio_app.o
    0x200000ed   0x0800138c   0x00000003   PAD
    0x200000f0        -       0x00000004   Zero   RW          119    .bss.flag_sweep     systick_app.o
    0x200000f4   0x0800138c   0x00000004   PAD
    0x200000f8        -       0x00000200   Zero   RW          202    HEAP                startup_stm32f401xc.o
    0x200002f8        -       0x00000400   Zero   RW          201    STACK               startup_stm32f401xc.o


==============================================================================

Image component sizes


      Code (inc. data)   RO Data    RW Data    ZI Data      Debug   Object Name

        50          0          0          0          4       2838   adc_app.o
       646          6          0          0         20       1992   exti_app.o
      2290         48          0          0         96       6810   gpio_app.o
       150          0          0         12          0       2583   main.o
       172          0          0          0          0       2459   nvic_app_1.o
       368          0          0          1          0       2137   rcc_app.o
        64         26        404          0       1536        908   startup_stm32f401xc.o
       308          0          0          0          0       1298   syscfg_app.o
        18          0          0          0          0       2721   system_stm32f4xx.o
       148          0          0          0          9       2124   systick_app.o

    ----------------------------------------------------------------------
      4242         80        436         16       1672      25870   Object Totals
         0          0         32          0          0          0   (incl. Generated)
        28          0          0          3          7          0   (incl. Padding)

    ----------------------------------------------------------------------

      Code (inc. data)   RO Data    RW Data    ZI Data      Debug   Library Member Name

         8          0          0          0          0         68   __main.o
         0          0          0          0          0          0   __rtentry.o
        12          0          0          0          0          0   __rtentry2.o
         6          0          0          0          0          0   __rtentry4.o
        52          8          0          0          0          0   __scatter.o
        26          0          0          0          0          0   __scatter_copy.o
        28          0          0          0          0          0   __scatter_zi.o
        18          0          0          0          0         80   exit.o
         6          0          0          0          0        152   heapauxi.o
         0          0          0          0          0          0   indicate_semi.o
         2          0          0          0          0          0   libinit.o
         6          0          0          0          0          0   libinit2.o
         2          0          0          0          0          0   libshutdown.o
         2          0          0          0          0          0   libshutdown2.o
         8          4          0          0         96         68   libspace.o
         2          0          0          0          0          0   rtexit.o
        10          0          0          0          0          0   rtexit2.o
        12          4          0          0          0         68   sys_exit.o
        74          0          0          0          0         80   sys_stackheap_outer.o
         2          0          0          0          0         68   use_no_semi.o
        26          0          0          0          0        116   fpinit.o

    ----------------------------------------------------------------------
       310         16          0          0         96        700   Library Totals
         8          0          0          0          0          0   (incl. Padding)

    ----------------------------------------------------------------------

      Code (inc. data)   RO Data    RW Data    ZI Data      Debug   Library Name

       276         16          0          0         96        584   c_w.l
        26          0          0          0          0        116   fz_wm.l

    ----------------------------------------------------------------------
       310         16          0          0         96        700   Library Totals

    ----------------------------------------------------------------------

==============================================================================


      Code (inc. data)   RO Data    RW Data    ZI Data      Debug   

      4552         96        436         16       1768      26254   Grand Totals
      4552         96        436         16       1768      26254   ELF Image Totals
      4552         96        436         16          0          0   ROM Totals

==============================================================================

    Total RO  Size (Code + RO Data)                 4988 (   4.87kB)
    Total RW  Size (RW Data + ZI Data)              1784 (   1.74kB)
    Total ROM Size (Code + RO Data + RW Data)       5004 (   4.89kB)

==============================================================================

